Archive member included because of file (symbol)

c:/users/ffrea_000/desktop/gcc-arm-none-eabi-4_7-2013q2-20130614-win32/gnu tools arm embedded/4.7 2013q2/bin/../lib/gcc/arm-none-eabi/4.7.4/armv7-m\libgcc.a(_arm_addsubsf3.o)
                              ..\obj\regulation.o (__aeabi_fadd)
c:/users/ffrea_000/desktop/gcc-arm-none-eabi-4_7-2013q2-20130614-win32/gnu tools arm embedded/4.7 2013q2/bin/../lib/gcc/arm-none-eabi/4.7.4/armv7-m\libgcc.a(_arm_muldivsf3.o)
                              ..\obj\regulation.o (__aeabi_fmul)

Allocating common symbols
Common symbol       size              file

acc                 0x1c              ..\obj\regulation.o
magneto             0x18              ..\obj\regulation.o
ADCVal              0x4               ..\obj\main.o
gyro                0x1c              ..\obj\regulation.o

Discarded input sections

 .text          0x00000000        0x0 ..\obj\regulation.o
 .data          0x00000000        0x0 ..\obj\regulation.o
 .text          0x00000000        0x0 ..\obj\core_cm3.o
 .data          0x00000000        0x0 ..\obj\core_cm3.o
 .bss           0x00000000        0x0 ..\obj\core_cm3.o
 .text.__get_PSP
                0x00000000       0x10 ..\obj\core_cm3.o
 .text.__set_PSP
                0x00000000        0x8 ..\obj\core_cm3.o
 .text.__get_MSP
                0x00000000       0x10 ..\obj\core_cm3.o
 .text.__set_MSP
                0x00000000        0x8 ..\obj\core_cm3.o
 .text.__get_BASEPRI
                0x00000000       0x20 ..\obj\core_cm3.o
 .text.__set_BASEPRI
                0x00000000       0x18 ..\obj\core_cm3.o
 .text.__get_PRIMASK
                0x00000000       0x20 ..\obj\core_cm3.o
 .text.__set_PRIMASK
                0x00000000       0x18 ..\obj\core_cm3.o
 .text.__get_FAULTMASK
                0x00000000       0x20 ..\obj\core_cm3.o
 .text.__set_FAULTMASK
                0x00000000       0x18 ..\obj\core_cm3.o
 .text.__get_CONTROL
                0x00000000       0x20 ..\obj\core_cm3.o
 .text.__set_CONTROL
                0x00000000       0x18 ..\obj\core_cm3.o
 .text.__REV    0x00000000       0x24 ..\obj\core_cm3.o
 .text.__REV16  0x00000000       0x24 ..\obj\core_cm3.o
 .text.__REVSH  0x00000000       0x24 ..\obj\core_cm3.o
 .text.__RBIT   0x00000000       0x24 ..\obj\core_cm3.o
 .text.__LDREXB
                0x00000000       0x24 ..\obj\core_cm3.o
 .text.__LDREXH
                0x00000000       0x24 ..\obj\core_cm3.o
 .text.__LDREXW
                0x00000000       0x24 ..\obj\core_cm3.o
 .text.__STREXB
                0x00000000       0x2c ..\obj\core_cm3.o
 .text.__STREXH
                0x00000000       0x2c ..\obj\core_cm3.o
 .text.__STREXW
                0x00000000       0x28 ..\obj\core_cm3.o
 .debug_info    0x00000000      0x55e ..\obj\core_cm3.o
 .debug_abbrev  0x00000000       0xe4 ..\obj\core_cm3.o
 .debug_loc     0x00000000      0x3f0 ..\obj\core_cm3.o
 .debug_aranges
                0x00000000       0xc8 ..\obj\core_cm3.o
 .debug_ranges  0x00000000       0xb8 ..\obj\core_cm3.o
 .debug_line    0x00000000      0x2d3 ..\obj\core_cm3.o
 .debug_str     0x00000000      0x279 ..\obj\core_cm3.o
 .comment       0x00000000       0x71 ..\obj\core_cm3.o
 .ARM.attributes
                0x00000000       0x33 ..\obj\core_cm3.o
 .debug_frame   0x00000000      0x280 ..\obj\core_cm3.o
 .text          0x00000000        0x0 ..\obj\buzzer.o
 .data          0x00000000        0x0 ..\obj\buzzer.o
 .text.play_buzz
                0x00000000      0x130 ..\obj\buzzer.o
 .text.wait_buzz
                0x00000000       0x20 ..\obj\buzzer.o
 .text          0x00000000        0x0 ..\obj\system_stm32f10x.o
 .data          0x00000000       0x14 ..\obj\system_stm32f10x.o
 .bss           0x00000000        0x0 ..\obj\system_stm32f10x.o
 .text.SystemCoreClockUpdate
                0x00000000      0x148 ..\obj\system_stm32f10x.o
 .text          0x00000000        0x0 ..\obj\startup_stm32f10x_md.o
 .data          0x00000000        0x0 ..\obj\startup_stm32f10x_md.o
 .bss           0x00000000        0x0 ..\obj\startup_stm32f10x_md.o
 .text          0x00000000        0x0 ..\obj\main.o
 .data          0x00000000        0x0 ..\obj\main.o
 .bss           0x00000000        0x0 ..\obj\main.o
 .text          0x00000000        0x0 ..\obj\printf.o
 .data          0x00000000      0x430 ..\obj\printf.o
 .bss           0x00000000        0x0 ..\obj\printf.o
 .text.PrintChar
                0x00000000       0x14 ..\obj\printf.o
 .text.PutChar  0x00000000       0x24 ..\obj\printf.o
 .text.PutString
                0x00000000       0x48 ..\obj\printf.o
 .text.PutUnsignedInt
                0x00000000       0xbc ..\obj\printf.o
 .text.PutSignedInt
                0x00000000      0x12c ..\obj\printf.o
 .text.PutHexa  0x00000000       0xe8 ..\obj\printf.o
 .text.vsnprintf
                0x00000000      0x2a4 ..\obj\printf.o
 .text.snprintf
                0x00000000       0x34 ..\obj\printf.o
 .text.vsprintf
                0x00000000       0x28 ..\obj\printf.o
 .rodata        0x00000000       0x24 ..\obj\printf.o
 .text.vfprintf
                0x00000000       0x6c ..\obj\printf.o
 .text.vprintf  0x00000000       0x2c ..\obj\printf.o
 .text.fprintf  0x00000000       0x30 ..\obj\printf.o
 .text.printf   0x00000000       0x2c ..\obj\printf.o
 .text.sprintf  0x00000000       0x30 ..\obj\printf.o
 .text.puts     0x00000000       0x28 ..\obj\printf.o
 .text.fputc    0x00000000       0x4c ..\obj\printf.o
 .text.fputs    0x00000000       0x50 ..\obj\printf.o
 .debug_info    0x00000000      0xf65 ..\obj\printf.o
 .debug_abbrev  0x00000000      0x262 ..\obj\printf.o
 .debug_loc     0x00000000      0x3ea ..\obj\printf.o
 .debug_aranges
                0x00000000       0xa0 ..\obj\printf.o
 .debug_ranges  0x00000000       0x90 ..\obj\printf.o
 .debug_line    0x00000000      0x49a ..\obj\printf.o
 .debug_str     0x00000000      0x646 ..\obj\printf.o
 .comment       0x00000000       0x71 ..\obj\printf.o
 .ARM.attributes
                0x00000000       0x33 ..\obj\printf.o
 .debug_frame   0x00000000      0x244 ..\obj\printf.o
 .text          0x00000000        0x0 ..\obj\leds.o
 .text          0x00000000        0x0 ..\obj\syscalls.o
 .data          0x00000000        0x0 ..\obj\syscalls.o
 .bss           0x00000000        0x4 ..\obj\syscalls.o
 .text._sbrk    0x00000000       0x5c ..\obj\syscalls.o
 .text.link     0x00000000       0x1c ..\obj\syscalls.o
 .text._close   0x00000000       0x18 ..\obj\syscalls.o
 .text._fstat   0x00000000       0x24 ..\obj\syscalls.o
 .text._isatty  0x00000000       0x18 ..\obj\syscalls.o
 .text._lseek   0x00000000       0x1c ..\obj\syscalls.o
 .text._read    0x00000000       0x1c ..\obj\syscalls.o
 .text._write   0x00000000       0x1c ..\obj\syscalls.o
 .text.abort    0x00000000        0x8 ..\obj\syscalls.o
 .debug_info    0x00000000      0x443 ..\obj\syscalls.o
 .debug_abbrev  0x00000000       0xe4 ..\obj\syscalls.o
 .debug_loc     0x00000000      0x1ec ..\obj\syscalls.o
 .debug_aranges
                0x00000000       0x60 ..\obj\syscalls.o
 .debug_ranges  0x00000000       0x50 ..\obj\syscalls.o
 .debug_line    0x00000000      0x1e2 ..\obj\syscalls.o
 .debug_str     0x00000000      0x2be ..\obj\syscalls.o
 .comment       0x00000000       0x71 ..\obj\syscalls.o
 .ARM.attributes
                0x00000000       0x33 ..\obj\syscalls.o
 .debug_frame   0x00000000      0x108 ..\obj\syscalls.o
 .text          0x00000000        0x0 ..\obj\motors.o
 .data          0x00000000       0x1c ..\obj\motors.o
 .bss           0x00000000        0x0 ..\obj\motors.o
 .text.motor_set
                0x00000000       0x9c ..\obj\motors.o
 .text          0x00000000        0x0 ..\obj\sensors.o
 .data          0x00000000        0x0 ..\obj\sensors.o
 .text          0x00000000        0x0 ..\obj\lipo.o
 .data          0x00000000        0x0 ..\obj\lipo.o
 .bss           0x00000000        0x0 ..\obj\lipo.o
 .text          0x00000000        0x0 ..\obj\usart.o
 .data          0x00000000        0x0 ..\obj\usart.o
 .bss           0x00000000        0x0 ..\obj\usart.o
 .text.usart_put
                0x00000000       0x38 ..\obj\usart.o
 .text.usart_puts
                0x00000000       0x2c ..\obj\usart.o
 .rodata        0x00000000       0x18 ..\obj\usart.o
 .text.usart_puti
                0x00000000       0x30 ..\obj\usart.o
 .text.debug_data
                0x00000000       0x54 ..\obj\usart.o
 .data          0x00000000        0x0 c:/users/ffrea_000/desktop/gcc-arm-none-eabi-4_7-2013q2-20130614-win32/gnu tools arm embedded/4.7 2013q2/bin/../lib/gcc/arm-none-eabi/4.7.4/armv7-m\libgcc.a(_arm_addsubsf3.o)
 .bss           0x00000000        0x0 c:/users/ffrea_000/desktop/gcc-arm-none-eabi-4_7-2013q2-20130614-win32/gnu tools arm embedded/4.7 2013q2/bin/../lib/gcc/arm-none-eabi/4.7.4/armv7-m\libgcc.a(_arm_addsubsf3.o)
 .data          0x00000000        0x0 c:/users/ffrea_000/desktop/gcc-arm-none-eabi-4_7-2013q2-20130614-win32/gnu tools arm embedded/4.7 2013q2/bin/../lib/gcc/arm-none-eabi/4.7.4/armv7-m\libgcc.a(_arm_muldivsf3.o)
 .bss           0x00000000        0x0 c:/users/ffrea_000/desktop/gcc-arm-none-eabi-4_7-2013q2-20130614-win32/gnu tools arm embedded/4.7 2013q2/bin/../lib/gcc/arm-none-eabi/4.7.4/armv7-m\libgcc.a(_arm_muldivsf3.o)

Memory Configuration

Name             Origin             Length             Attributes
rom              0x08000000         0x00020000         xr
ram              0x20000000         0x00005000         xrw
*default*        0x00000000         0xffffffff

Linker script and memory map

                0x20005000                _eram = 0x20005000

.text           0x08000000     0x1cc8
 *(.isr_vector .isr_vector.*)
 .isr_vector    0x08000000      0x10c ..\obj\startup_stm32f10x_md.o
                0x08000000                g_pfnVectors
 *(.text .text.* .gnu.linkonce.t.*)
 .text.NVIC_EnableIRQ
                0x0800010c       0x38 ..\obj\regulation.o
 .text.regulation_init
                0x08000144       0x48 ..\obj\regulation.o
                0x08000144                regulation_init
 .text.TIM1_UP_IRQHandler
                0x0800018c       0x94 ..\obj\regulation.o
                0x0800018c                TIM1_UP_IRQHandler
 .text.NVIC_EnableIRQ
                0x08000220       0x38 ..\obj\buzzer.o
 .text.buzzer_init
                0x08000258       0x74 ..\obj\buzzer.o
                0x08000258                buzzer_init
 .text.TIM3_IRQHandler
                0x080002cc      0x134 ..\obj\buzzer.o
                0x080002cc                TIM3_IRQHandler
 .text.SystemInit
                0x08000400       0xa8 ..\obj\system_stm32f10x.o
                0x08000400                SystemInit
 .text.SetSysClock
                0x080004a8        0xc ..\obj\system_stm32f10x.o
 .text.SetSysClockTo72
                0x080004b4      0x1ac ..\obj\system_stm32f10x.o
 .text.Default_Reset_Handler
                0x08000660       0x70 ..\obj\startup_stm32f10x_md.o
                0x08000660                Default_Reset_Handler
                0x08000660                Reset_Handler
 .text.Default_Handler
                0x080006d0        0x8 ..\obj\startup_stm32f10x_md.o
                0x080006d0                EXTI2_IRQHandler
                0x080006d0                DebugMon_Handler
                0x080006d0                TIM1_CC_IRQHandler
                0x080006d0                HardFault_Handler
                0x080006d0                SysTick_Handler
                0x080006d0                PVD_IRQHandler
                0x080006d0                PendSV_Handler
                0x080006d0                NMI_Handler
                0x080006d0                EXTI0_IRQHandler
                0x080006d0                I2C2_EV_IRQHandler
                0x080006d0                UsageFault_Handler
                0x080006d0                ADC1_2_IRQHandler
                0x080006d0                SPI1_IRQHandler
                0x080006d0                TAMPER_IRQHandler
                0x080006d0                DMA1_Channel4_IRQHandler
                0x080006d0                USART3_IRQHandler
                0x080006d0                RTC_IRQHandler
                0x080006d0                DMA1_Channel7_IRQHandler
                0x080006d0                CAN1_RX1_IRQHandler
                0x080006d0                TIM4_IRQHandler
                0x080006d0                I2C1_EV_IRQHandler
                0x080006d0                DMA1_Channel6_IRQHandler
                0x080006d0                RCC_IRQHandler
                0x080006d0                TIM1_TRG_COM_IRQHandler
                0x080006d0                DMA1_Channel1_IRQHandler
                0x080006d0                EXTI15_10_IRQHandler
                0x080006d0                SPI2_IRQHandler
                0x080006d0                MemManage_Handler
                0x080006d0                SVC_Handler
                0x080006d0                DMA1_Channel5_IRQHandler
                0x080006d0                USB_LP_CAN1_RX0_IRQHandler
                0x080006d0                USB_HP_CAN1_TX_IRQHandler
                0x080006d0                DMA1_Channel3_IRQHandler
                0x080006d0                WWDG_IRQHandler
                0x080006d0                TIM1_BRK_IRQHandler
                0x080006d0                EXTI1_IRQHandler
                0x080006d0                RTCAlarm_IRQHandler
                0x080006d0                USART2_IRQHandler
                0x080006d0                I2C2_ER_IRQHandler
                0x080006d0                DMA1_Channel2_IRQHandler
                0x080006d0                CAN1_SCE_IRQHandler
                0x080006d0                FLASH_IRQHandler
                0x080006d0                BusFault_Handler
                0x080006d0                USART1_IRQHandler
                0x080006d0                I2C1_ER_IRQHandler
                0x080006d0                USBWakeUp_IRQHandler
 .text.main     0x080006d8       0x68 ..\obj\main.o
                0x080006d8                main
 .text.clocks_init
                0x08000740      0x118 ..\obj\main.o
                0x08000740                clocks_init
 .text.gpio_init
                0x08000858      0x138 ..\obj\main.o
                0x08000858                gpio_init
 .text.NVIC_EnableIRQ
                0x08000990       0x38 ..\obj\leds.o
 .text.leds_init
                0x080009c8       0x38 ..\obj\leds.o
                0x080009c8                leds_init
 .text.TIM2_IRQHandler
                0x08000a00       0xd8 ..\obj\leds.o
                0x08000a00                TIM2_IRQHandler
 .text.motors_init
                0x08000ad8       0x98 ..\obj\motors.o
                0x08000ad8                motors_init
 .text.NVIC_EnableIRQ
                0x08000b70       0x38 ..\obj\sensors.o
 .text.sensors_init
                0x08000ba8      0x230 ..\obj\sensors.o
                0x08000ba8                sensors_init
 .text.error_check
                0x08000dd8       0x80 ..\obj\sensors.o
                0x08000dd8                error_check
 .text.i2c_config
                0x08000e58       0xbc ..\obj\sensors.o
                0x08000e58                i2c_config
 .text.sensors_read
                0x08000f14      0x30c ..\obj\sensors.o
                0x08000f14                sensors_read
 .text.EXTI3_IRQHandler
                0x08001220       0x34 ..\obj\sensors.o
                0x08001220                EXTI3_IRQHandler
 .text.EXTI4_IRQHandler
                0x08001254       0x34 ..\obj\sensors.o
                0x08001254                EXTI4_IRQHandler
 .text.EXTI9_5_IRQHandler
                0x08001288       0x34 ..\obj\sensors.o
                0x08001288                EXTI9_5_IRQHandler
 .text.i2c_write2
                0x080012bc       0x34 ..\obj\sensors.o
                0x080012bc                i2c_write2
 .text.i2c_write
                0x080012f0      0x188 ..\obj\sensors.o
                0x080012f0                i2c_write
 .text.i2c_read2
                0x08001478       0x30 ..\obj\sensors.o
                0x08001478                i2c_read2
 .text.i2c_read
                0x080014a8      0x254 ..\obj\sensors.o
                0x080014a8                i2c_read
 .text.lipo_init
                0x080016fc       0xe8 ..\obj\lipo.o
                0x080016fc                lipo_init
 .text.usart_init
                0x080017e4       0x28 ..\obj\usart.o
                0x080017e4                usart_init
 .text          0x0800180c      0x21c c:/users/ffrea_000/desktop/gcc-arm-none-eabi-4_7-2013q2-20130614-win32/gnu tools arm embedded/4.7 2013q2/bin/../lib/gcc/arm-none-eabi/4.7.4/armv7-m\libgcc.a(_arm_addsubsf3.o)
                0x0800180c                __aeabi_frsub
                0x08001814                __subsf3
                0x08001814                __aeabi_fsub
                0x08001818                __aeabi_fadd
                0x08001818                __addsf3
                0x08001978                __aeabi_ui2f
                0x08001978                __floatunsisf
                0x08001980                __aeabi_i2f
                0x08001980                __floatsisf
                0x0800199c                __aeabi_ul2f
                0x0800199c                __floatundisf
                0x080019ac                __aeabi_l2f
                0x080019ac                __floatdisf
 .text          0x08001a28      0x2a0 c:/users/ffrea_000/desktop/gcc-arm-none-eabi-4_7-2013q2-20130614-win32/gnu tools arm embedded/4.7 2013q2/bin/../lib/gcc/arm-none-eabi/4.7.4/armv7-m\libgcc.a(_arm_muldivsf3.o)
                0x08001a28                __mulsf3
                0x08001a28                __aeabi_fmul
                0x08001b90                __aeabi_fdiv
                0x08001b90                __divsf3
 *(.glue_7t)
 .glue_7t       0x00000000        0x0 linker stubs
 *(.glue_7)
 .glue_7        0x00000000        0x0 linker stubs
 *(.rodata .rodata* .gnu.linkonce.r.*)

.vfp11_veneer   0x08001cc8        0x0
 .vfp11_veneer  0x00000000        0x0 linker stubs

.v4_bx          0x08001cc8        0x0
 .v4_bx         0x00000000        0x0 linker stubs

.iplt           0x08001cc8        0x0
 .iplt          0x00000000        0x0 ..\obj\regulation.o

.rel.dyn        0x08001cc8        0x0
 .rel.iplt      0x00000000        0x0 ..\obj\regulation.o

.ARM.extab
 *(.ARM.extab* .gnu.linkonce.armextab.*)
                0x08001cc8                __exidx_start = .

.ARM.exidx
 *(.ARM.exidx* .gnu.linkonce.armexidx.*)
                0x08001cc8                __exidx_end = .
                0x08001cc8                . = ALIGN (0x4)
                0x08001cc8                _etext = .
                0x08001cc8                _sidata = .

.data           0x20000000       0x10 load address 0x08001cc8
                0x20000000                _sdata = .
 *(.data .data.*)
 .data          0x20000000       0x10 ..\obj\leds.o
                0x20000000                leds
                0x20000010                . = ALIGN (0x4)
                0x20000010                _edata = .

.igot.plt       0x20000010        0x0 load address 0x08001cd8
 .igot.plt      0x00000000        0x0 ..\obj\regulation.o

.bss            0x20000010       0x78 load address 0x08001cd8
                0x20000010                _sbss = .
 *(.bss .bss.*)
 .bss           0x20000010        0x4 ..\obj\regulation.o
                0x20000010                anglex
 .bss           0x20000014       0x18 ..\obj\buzzer.o
                0x20000014                t_time
                0x20000018                t_mode
                0x2000001c                t_counter
                0x20000020                t_counter2
                0x20000024                t_ccr
                0x20000028                t_clicks
 .bss           0x2000002c        0x4 ..\obj\leds.o
                0x2000002c                i
 .bss           0x20000030        0x4 ..\obj\sensors.o
                0x20000030                sensors_error_flag
 *(COMMON)
 COMMON         0x20000034       0x50 ..\obj\regulation.o
                0x20000034                acc
                0x20000050                magneto
                0x20000068                gyro
 COMMON         0x20000084        0x4 ..\obj\main.o
                0x20000084                ADCVal
                0x20000088                . = ALIGN (0x4)
                0x20000088                _ebss = .

.co_stack       0x20000088      0x400 load address 0x08001d50
                0x20000088                . = ALIGN (0x8)
 *(.co_stack .co_stack.*)
 .co_stack      0x20000088      0x400 ..\obj\startup_stm32f10x_md.o
                0x20000088                pulStack
                0x20000488                . = ALIGN (0x4)
                0x20000488                _end = .
LOAD ..\obj\regulation.o
LOAD ..\obj\core_cm3.o
LOAD ..\obj\buzzer.o
LOAD ..\obj\system_stm32f10x.o
LOAD ..\obj\startup_stm32f10x_md.o
LOAD ..\obj\main.o
LOAD ..\obj\printf.o
LOAD ..\obj\leds.o
LOAD ..\obj\syscalls.o
LOAD ..\obj\motors.o
LOAD ..\obj\sensors.o
LOAD ..\obj\lipo.o
LOAD ..\obj\usart.o
START GROUP
LOAD c:/users/ffrea_000/desktop/gcc-arm-none-eabi-4_7-2013q2-20130614-win32/gnu tools arm embedded/4.7 2013q2/bin/../lib/gcc/arm-none-eabi/4.7.4/armv7-m\libgcc.a
LOAD c:/users/ffrea_000/desktop/gcc-arm-none-eabi-4_7-2013q2-20130614-win32/gnu tools arm embedded/4.7 2013q2/bin/../lib/gcc/arm-none-eabi/4.7.4/../../../../arm-none-eabi/lib/armv7-m\libg.a
LOAD c:/users/ffrea_000/desktop/gcc-arm-none-eabi-4_7-2013q2-20130614-win32/gnu tools arm embedded/4.7 2013q2/bin/../lib/gcc/arm-none-eabi/4.7.4/../../../../arm-none-eabi/lib/armv7-m\libc.a
END GROUP
OUTPUT(Quadro.elf elf32-littlearm)

.debug_info     0x00000000     0x340a
 .debug_info    0x00000000      0x7d6 ..\obj\regulation.o
 .debug_info    0x000007d6      0x700 ..\obj\buzzer.o
 .debug_info    0x00000ed6      0x479 ..\obj\system_stm32f10x.o
 .debug_info    0x0000134f       0xff ..\obj\startup_stm32f10x_md.o
 .debug_info    0x0000144e      0x4e6 ..\obj\main.o
 .debug_info    0x00001934      0x6b9 ..\obj\leds.o
 .debug_info    0x00001fed      0x3c2 ..\obj\motors.o
 .debug_info    0x000023af      0x97e ..\obj\sensors.o
 .debug_info    0x00002d2d      0x26f ..\obj\lipo.o
 .debug_info    0x00002f9c      0x46e ..\obj\usart.o

.debug_abbrev   0x00000000      0xd9c
 .debug_abbrev  0x00000000      0x188 ..\obj\regulation.o
 .debug_abbrev  0x00000188      0x199 ..\obj\buzzer.o
 .debug_abbrev  0x00000321      0x179 ..\obj\system_stm32f10x.o
 .debug_abbrev  0x0000049a       0xa9 ..\obj\startup_stm32f10x_md.o
 .debug_abbrev  0x00000543      0x161 ..\obj\main.o
 .debug_abbrev  0x000006a4      0x165 ..\obj\leds.o
 .debug_abbrev  0x00000809       0xe9 ..\obj\motors.o
 .debug_abbrev  0x000008f2      0x253 ..\obj\sensors.o
 .debug_abbrev  0x00000b45       0xc0 ..\obj\lipo.o
 .debug_abbrev  0x00000c05      0x197 ..\obj\usart.o

.debug_loc      0x00000000      0x7b8
 .debug_loc     0x00000000       0x90 ..\obj\regulation.o
 .debug_loc     0x00000090       0xf4 ..\obj\buzzer.o
 .debug_loc     0x00000184       0xc8 ..\obj\system_stm32f10x.o
 .debug_loc     0x0000024c       0x64 ..\obj\startup_stm32f10x_md.o
 .debug_loc     0x000002b0       0x90 ..\obj\main.o
 .debug_loc     0x00000340       0x90 ..\obj\leds.o
 .debug_loc     0x000003d0       0x64 ..\obj\motors.o
 .debug_loc     0x00000434      0x24c ..\obj\sensors.o
 .debug_loc     0x00000680       0x2c ..\obj\lipo.o
 .debug_loc     0x000006ac      0x10c ..\obj\usart.o

.debug_aranges  0x00000000      0x230
 .debug_aranges
                0x00000000       0x30 ..\obj\regulation.o
 .debug_aranges
                0x00000030       0x40 ..\obj\buzzer.o
 .debug_aranges
                0x00000070       0x38 ..\obj\system_stm32f10x.o
 .debug_aranges
                0x000000a8       0x28 ..\obj\startup_stm32f10x_md.o
 .debug_aranges
                0x000000d0       0x30 ..\obj\main.o
 .debug_aranges
                0x00000100       0x30 ..\obj\leds.o
 .debug_aranges
                0x00000130       0x28 ..\obj\motors.o
 .debug_aranges
                0x00000158       0x78 ..\obj\sensors.o
 .debug_aranges
                0x000001d0       0x20 ..\obj\lipo.o
 .debug_aranges
                0x000001f0       0x40 ..\obj\usart.o

.debug_ranges   0x00000000      0x190
 .debug_ranges  0x00000000       0x20 ..\obj\regulation.o
 .debug_ranges  0x00000020       0x30 ..\obj\buzzer.o
 .debug_ranges  0x00000050       0x28 ..\obj\system_stm32f10x.o
 .debug_ranges  0x00000078       0x18 ..\obj\startup_stm32f10x_md.o
 .debug_ranges  0x00000090       0x20 ..\obj\main.o
 .debug_ranges  0x000000b0       0x20 ..\obj\leds.o
 .debug_ranges  0x000000d0       0x18 ..\obj\motors.o
 .debug_ranges  0x000000e8       0x68 ..\obj\sensors.o
 .debug_ranges  0x00000150       0x10 ..\obj\lipo.o
 .debug_ranges  0x00000160       0x30 ..\obj\usart.o

.debug_line     0x00000000     0x155b
 .debug_line    0x00000000      0x20a ..\obj\regulation.o
 .debug_line    0x0000020a      0x256 ..\obj\buzzer.o
 .debug_line    0x00000460      0x232 ..\obj\system_stm32f10x.o
 .debug_line    0x00000692       0xb5 ..\obj\startup_stm32f10x_md.o
 .debug_line    0x00000747      0x260 ..\obj\main.o
 .debug_line    0x000009a7      0x1fe ..\obj\leds.o
 .debug_line    0x00000ba5      0x1f0 ..\obj\motors.o
 .debug_line    0x00000d95      0x3b2 ..\obj\sensors.o
 .debug_line    0x00001147      0x1db ..\obj\lipo.o
 .debug_line    0x00001322      0x239 ..\obj\usart.o

.debug_str      0x00000000      0xd22
 .debug_str     0x00000000      0x5bb ..\obj\regulation.o
                                0x5fc (size before relaxing)
 .debug_str     0x000005bb       0xcc ..\obj\buzzer.o
                                0x605 (size before relaxing)
 .debug_str     0x00000687      0x193 ..\obj\system_stm32f10x.o
                                0x295 (size before relaxing)
 .debug_str     0x0000081a       0xc3 ..\obj\startup_stm32f10x_md.o
                                0x127 (size before relaxing)
 .debug_str     0x000008dd       0xa0 ..\obj\main.o
                                0x25d (size before relaxing)
 .debug_str     0x0000097d       0x5e ..\obj\leds.o
                                0x59d (size before relaxing)
 .debug_str     0x000009db       0x81 ..\obj\motors.o
                                0x29b (size before relaxing)
 .debug_str     0x00000a5c      0x13c ..\obj\sensors.o
                                0x62a (size before relaxing)
 .debug_str     0x00000b98       0xbb ..\obj\lipo.o
                                0x1c1 (size before relaxing)
 .debug_str     0x00000c53       0xcf ..\obj\usart.o
                                0x27a (size before relaxing)

.comment        0x00000000       0x70
 .comment       0x00000000       0x70 ..\obj\regulation.o
                                 0x71 (size before relaxing)
 .comment       0x00000000       0x71 ..\obj\buzzer.o
 .comment       0x00000000       0x71 ..\obj\system_stm32f10x.o
 .comment       0x00000000       0x71 ..\obj\startup_stm32f10x_md.o
 .comment       0x00000000       0x71 ..\obj\main.o
 .comment       0x00000000       0x71 ..\obj\leds.o
 .comment       0x00000000       0x71 ..\obj\motors.o
 .comment       0x00000000       0x71 ..\obj\sensors.o
 .comment       0x00000000       0x71 ..\obj\lipo.o
 .comment       0x00000000       0x71 ..\obj\usart.o

.ARM.attributes
                0x00000000       0x33
 .ARM.attributes
                0x00000000       0x33 ..\obj\regulation.o
 .ARM.attributes
                0x00000033       0x33 ..\obj\buzzer.o
 .ARM.attributes
                0x00000066       0x33 ..\obj\system_stm32f10x.o
 .ARM.attributes
                0x00000099       0x33 ..\obj\startup_stm32f10x_md.o
 .ARM.attributes
                0x000000cc       0x33 ..\obj\main.o
 .ARM.attributes
                0x000000ff       0x33 ..\obj\leds.o
 .ARM.attributes
                0x00000132       0x33 ..\obj\motors.o
 .ARM.attributes
                0x00000165       0x33 ..\obj\sensors.o
 .ARM.attributes
                0x00000198       0x33 ..\obj\lipo.o
 .ARM.attributes
                0x000001cb       0x33 ..\obj\usart.o
 .ARM.attributes
                0x000001fe       0x1d c:/users/ffrea_000/desktop/gcc-arm-none-eabi-4_7-2013q2-20130614-win32/gnu tools arm embedded/4.7 2013q2/bin/../lib/gcc/arm-none-eabi/4.7.4/armv7-m\libgcc.a(_arm_addsubsf3.o)
 .ARM.attributes
                0x0000021b       0x1d c:/users/ffrea_000/desktop/gcc-arm-none-eabi-4_7-2013q2-20130614-win32/gnu tools arm embedded/4.7 2013q2/bin/../lib/gcc/arm-none-eabi/4.7.4/armv7-m\libgcc.a(_arm_muldivsf3.o)

.debug_frame    0x00000000      0x4f0
 .debug_frame   0x00000000       0x64 ..\obj\regulation.o
 .debug_frame   0x00000064       0x94 ..\obj\buzzer.o
 .debug_frame   0x000000f8       0x80 ..\obj\system_stm32f10x.o
 .debug_frame   0x00000178       0x48 ..\obj\startup_stm32f10x_md.o
 .debug_frame   0x000001c0       0x60 ..\obj\main.o
 .debug_frame   0x00000220       0x60 ..\obj\leds.o
 .debug_frame   0x00000280       0x44 ..\obj\motors.o
 .debug_frame   0x000002c4      0x160 ..\obj\sensors.o
 .debug_frame   0x00000424       0x28 ..\obj\lipo.o
 .debug_frame   0x0000044c       0xa4 ..\obj\usart.o
