Archive member included because of file (symbol)

c:/users/ffrea_000/desktop/gcc-arm-none-eabi-4_7-2013q2-20130614-win32/gnu tools arm embedded/4.7 2013q2/bin/../lib/gcc/arm-none-eabi/4.7.4/../../../../arm-none-eabi/lib/armv7-m\libm.a(lib_a-s_atan.o)
                              ..\obj\regulation.o (atan)
c:/users/ffrea_000/desktop/gcc-arm-none-eabi-4_7-2013q2-20130614-win32/gnu tools arm embedded/4.7 2013q2/bin/../lib/gcc/arm-none-eabi/4.7.4/../../../../arm-none-eabi/lib/armv7-m\libm.a(lib_a-s_fabs.o)
                              c:/users/ffrea_000/desktop/gcc-arm-none-eabi-4_7-2013q2-20130614-win32/gnu tools arm embedded/4.7 2013q2/bin/../lib/gcc/arm-none-eabi/4.7.4/../../../../arm-none-eabi/lib/armv7-m\libm.a(lib_a-s_atan.o) (fabs)
c:/users/ffrea_000/desktop/gcc-arm-none-eabi-4_7-2013q2-20130614-win32/gnu tools arm embedded/4.7 2013q2/bin/../lib/gcc/arm-none-eabi/4.7.4/../../../../arm-none-eabi/lib/armv7-m\libm.a(lib_a-w_sqrt.o)
                              ..\obj\regulation.o (sqrt)
c:/users/ffrea_000/desktop/gcc-arm-none-eabi-4_7-2013q2-20130614-win32/gnu tools arm embedded/4.7 2013q2/bin/../lib/gcc/arm-none-eabi/4.7.4/../../../../arm-none-eabi/lib/armv7-m\libm.a(lib_a-e_sqrt.o)
                              c:/users/ffrea_000/desktop/gcc-arm-none-eabi-4_7-2013q2-20130614-win32/gnu tools arm embedded/4.7 2013q2/bin/../lib/gcc/arm-none-eabi/4.7.4/../../../../arm-none-eabi/lib/armv7-m\libm.a(lib_a-w_sqrt.o) (__ieee754_sqrt)
c:/users/ffrea_000/desktop/gcc-arm-none-eabi-4_7-2013q2-20130614-win32/gnu tools arm embedded/4.7 2013q2/bin/../lib/gcc/arm-none-eabi/4.7.4/../../../../arm-none-eabi/lib/armv7-m\libm.a(lib_a-s_fpclassify.o)
                              c:/users/ffrea_000/desktop/gcc-arm-none-eabi-4_7-2013q2-20130614-win32/gnu tools arm embedded/4.7 2013q2/bin/../lib/gcc/arm-none-eabi/4.7.4/../../../../arm-none-eabi/lib/armv7-m\libm.a(lib_a-w_sqrt.o) (__fpclassifyd)
c:/users/ffrea_000/desktop/gcc-arm-none-eabi-4_7-2013q2-20130614-win32/gnu tools arm embedded/4.7 2013q2/bin/../lib/gcc/arm-none-eabi/4.7.4/../../../../arm-none-eabi/lib/armv7-m\libm.a(lib_a-s_lib_ver.o)
                              c:/users/ffrea_000/desktop/gcc-arm-none-eabi-4_7-2013q2-20130614-win32/gnu tools arm embedded/4.7 2013q2/bin/../lib/gcc/arm-none-eabi/4.7.4/../../../../arm-none-eabi/lib/armv7-m\libm.a(lib_a-w_sqrt.o) (__fdlib_version)
c:/users/ffrea_000/desktop/gcc-arm-none-eabi-4_7-2013q2-20130614-win32/gnu tools arm embedded/4.7 2013q2/bin/../lib/gcc/arm-none-eabi/4.7.4/../../../../arm-none-eabi/lib/armv7-m\libm.a(lib_a-s_matherr.o)
                              c:/users/ffrea_000/desktop/gcc-arm-none-eabi-4_7-2013q2-20130614-win32/gnu tools arm embedded/4.7 2013q2/bin/../lib/gcc/arm-none-eabi/4.7.4/../../../../arm-none-eabi/lib/armv7-m\libm.a(lib_a-w_sqrt.o) (matherr)
c:/users/ffrea_000/desktop/gcc-arm-none-eabi-4_7-2013q2-20130614-win32/gnu tools arm embedded/4.7 2013q2/bin/../lib/gcc/arm-none-eabi/4.7.4/armv7-m\libgcc.a(_arm_addsubdf3.o)
                              ..\obj\usart.o (__aeabi_dsub)
c:/users/ffrea_000/desktop/gcc-arm-none-eabi-4_7-2013q2-20130614-win32/gnu tools arm embedded/4.7 2013q2/bin/../lib/gcc/arm-none-eabi/4.7.4/armv7-m\libgcc.a(_arm_muldivdf3.o)
                              ..\obj\regulation.o (__aeabi_dmul)
c:/users/ffrea_000/desktop/gcc-arm-none-eabi-4_7-2013q2-20130614-win32/gnu tools arm embedded/4.7 2013q2/bin/../lib/gcc/arm-none-eabi/4.7.4/armv7-m\libgcc.a(_arm_cmpdf2.o)
                              c:/users/ffrea_000/desktop/gcc-arm-none-eabi-4_7-2013q2-20130614-win32/gnu tools arm embedded/4.7 2013q2/bin/../lib/gcc/arm-none-eabi/4.7.4/../../../../arm-none-eabi/lib/armv7-m\libm.a(lib_a-w_sqrt.o) (__aeabi_dcmplt)
c:/users/ffrea_000/desktop/gcc-arm-none-eabi-4_7-2013q2-20130614-win32/gnu tools arm embedded/4.7 2013q2/bin/../lib/gcc/arm-none-eabi/4.7.4/armv7-m\libgcc.a(_arm_truncdfsf2.o)
                              ..\obj\regulation.o (__aeabi_d2f)
c:/users/ffrea_000/desktop/gcc-arm-none-eabi-4_7-2013q2-20130614-win32/gnu tools arm embedded/4.7 2013q2/bin/../lib/gcc/arm-none-eabi/4.7.4/armv7-m\libgcc.a(_arm_addsubsf3.o)
                              ..\obj\regulation.o (__aeabi_fsub)
c:/users/ffrea_000/desktop/gcc-arm-none-eabi-4_7-2013q2-20130614-win32/gnu tools arm embedded/4.7 2013q2/bin/../lib/gcc/arm-none-eabi/4.7.4/armv7-m\libgcc.a(_arm_muldivsf3.o)
                              ..\obj\regulation.o (__aeabi_fmul)
c:/users/ffrea_000/desktop/gcc-arm-none-eabi-4_7-2013q2-20130614-win32/gnu tools arm embedded/4.7 2013q2/bin/../lib/gcc/arm-none-eabi/4.7.4/armv7-m\libgcc.a(_arm_cmpsf2.o)
                              ..\obj\regulation.o (__aeabi_fcmplt)
c:/users/ffrea_000/desktop/gcc-arm-none-eabi-4_7-2013q2-20130614-win32/gnu tools arm embedded/4.7 2013q2/bin/../lib/gcc/arm-none-eabi/4.7.4/armv7-m\libgcc.a(_arm_fixsfsi.o)
                              ..\obj\regulation.o (__aeabi_f2iz)
c:/users/ffrea_000/desktop/gcc-arm-none-eabi-4_7-2013q2-20130614-win32/gnu tools arm embedded/4.7 2013q2/bin/../lib/gcc/arm-none-eabi/4.7.4/../../../../arm-none-eabi/lib/armv7-m\libc.a(lib_a-errno.o)
                              c:/users/ffrea_000/desktop/gcc-arm-none-eabi-4_7-2013q2-20130614-win32/gnu tools arm embedded/4.7 2013q2/bin/../lib/gcc/arm-none-eabi/4.7.4/../../../../arm-none-eabi/lib/armv7-m\libm.a(lib_a-w_sqrt.o) (__errno)

Allocating common symbols
Common symbol       size              file

acc                 0xc               ..\obj\regulation.o
pid                 0x14              ..\obj\regulation.o
magneto             0x8               ..\obj\regulation.o
ADCVal              0x4               ..\obj\main.o
pilot               0x20              ..\obj\main.o
filterTerm0         0x4               ..\obj\regulation.o
prevstate           0x20              ..\obj\aparature.o
gyro                0xc               ..\obj\regulation.o
filterTerm1         0x4               ..\obj\regulation.o
filterTerm2         0x4               ..\obj\regulation.o

Discarded input sections

 .text          0x00000000        0x0 ..\obj\regulation.o
 .data          0x00000000        0x0 ..\obj\regulation.o
 .text          0x00000000        0x0 ..\obj\core_cm3.o
 .data          0x00000000        0x0 ..\obj\core_cm3.o
 .bss           0x00000000        0x0 ..\obj\core_cm3.o
 .text.__get_PSP
                0x00000000       0x10 ..\obj\core_cm3.o
 .text.__set_PSP
                0x00000000        0x8 ..\obj\core_cm3.o
 .text.__get_MSP
                0x00000000       0x10 ..\obj\core_cm3.o
 .text.__set_MSP
                0x00000000        0x8 ..\obj\core_cm3.o
 .text.__get_BASEPRI
                0x00000000       0x20 ..\obj\core_cm3.o
 .text.__set_BASEPRI
                0x00000000       0x18 ..\obj\core_cm3.o
 .text.__get_PRIMASK
                0x00000000       0x20 ..\obj\core_cm3.o
 .text.__set_PRIMASK
                0x00000000       0x18 ..\obj\core_cm3.o
 .text.__get_FAULTMASK
                0x00000000       0x20 ..\obj\core_cm3.o
 .text.__set_FAULTMASK
                0x00000000       0x18 ..\obj\core_cm3.o
 .text.__get_CONTROL
                0x00000000       0x20 ..\obj\core_cm3.o
 .text.__set_CONTROL
                0x00000000       0x18 ..\obj\core_cm3.o
 .text.__REV    0x00000000       0x24 ..\obj\core_cm3.o
 .text.__REV16  0x00000000       0x24 ..\obj\core_cm3.o
 .text.__REVSH  0x00000000       0x24 ..\obj\core_cm3.o
 .text.__RBIT   0x00000000       0x24 ..\obj\core_cm3.o
 .text.__LDREXB
                0x00000000       0x24 ..\obj\core_cm3.o
 .text.__LDREXH
                0x00000000       0x24 ..\obj\core_cm3.o
 .text.__LDREXW
                0x00000000       0x24 ..\obj\core_cm3.o
 .text.__STREXB
                0x00000000       0x2c ..\obj\core_cm3.o
 .text.__STREXH
                0x00000000       0x2c ..\obj\core_cm3.o
 .text.__STREXW
                0x00000000       0x28 ..\obj\core_cm3.o
 .debug_info    0x00000000      0x55e ..\obj\core_cm3.o
 .debug_abbrev  0x00000000       0xe4 ..\obj\core_cm3.o
 .debug_loc     0x00000000      0x3f0 ..\obj\core_cm3.o
 .debug_aranges
                0x00000000       0xc8 ..\obj\core_cm3.o
 .debug_ranges  0x00000000       0xb8 ..\obj\core_cm3.o
 .debug_line    0x00000000      0x2d3 ..\obj\core_cm3.o
 .debug_str     0x00000000      0x279 ..\obj\core_cm3.o
 .comment       0x00000000       0x71 ..\obj\core_cm3.o
 .ARM.attributes
                0x00000000       0x33 ..\obj\core_cm3.o
 .debug_frame   0x00000000      0x280 ..\obj\core_cm3.o
 .text          0x00000000        0x0 ..\obj\buzzer.o
 .data          0x00000000        0x0 ..\obj\buzzer.o
 .text.play_buzz
                0x00000000      0x130 ..\obj\buzzer.o
 .text.wait_buzz
                0x00000000       0x20 ..\obj\buzzer.o
 .text          0x00000000        0x0 ..\obj\system_stm32f10x.o
 .data          0x00000000       0x14 ..\obj\system_stm32f10x.o
 .bss           0x00000000        0x0 ..\obj\system_stm32f10x.o
 .text.SystemCoreClockUpdate
                0x00000000      0x148 ..\obj\system_stm32f10x.o
 .text          0x00000000        0x0 ..\obj\startup_stm32f10x_md.o
 .data          0x00000000        0x0 ..\obj\startup_stm32f10x_md.o
 .bss           0x00000000        0x0 ..\obj\startup_stm32f10x_md.o
 .text          0x00000000        0x0 ..\obj\main.o
 .data          0x00000000        0x0 ..\obj\main.o
 .bss           0x00000000        0x0 ..\obj\main.o
 .text          0x00000000        0x0 ..\obj\printf.o
 .bss           0x00000000        0x0 ..\obj\printf.o
 .text.PrintChar
                0x00000000       0x14 ..\obj\printf.o
 .text.snprintf
                0x00000000       0x34 ..\obj\printf.o
 .rodata        0x00000000       0x24 ..\obj\printf.o
 .text.vfprintf
                0x00000000       0x6c ..\obj\printf.o
 .text.vprintf  0x00000000       0x2c ..\obj\printf.o
 .text.fprintf  0x00000000       0x30 ..\obj\printf.o
 .text.printf   0x00000000       0x2c ..\obj\printf.o
 .text.puts     0x00000000       0x28 ..\obj\printf.o
 .text.fputc    0x00000000       0x4c ..\obj\printf.o
 .text.fputs    0x00000000       0x50 ..\obj\printf.o
 .text          0x00000000        0x0 ..\obj\aparature.o
 .bss           0x00000000        0x0 ..\obj\aparature.o
 .text          0x00000000        0x0 ..\obj\leds.o
 .text          0x00000000        0x0 ..\obj\syscalls.o
 .data          0x00000000        0x0 ..\obj\syscalls.o
 .bss           0x00000000        0x4 ..\obj\syscalls.o
 .text._sbrk    0x00000000       0x5c ..\obj\syscalls.o
 .text.link     0x00000000       0x1c ..\obj\syscalls.o
 .text._close   0x00000000       0x18 ..\obj\syscalls.o
 .text._fstat   0x00000000       0x24 ..\obj\syscalls.o
 .text._isatty  0x00000000       0x18 ..\obj\syscalls.o
 .text._lseek   0x00000000       0x1c ..\obj\syscalls.o
 .text._read    0x00000000       0x1c ..\obj\syscalls.o
 .text._write   0x00000000       0x1c ..\obj\syscalls.o
 .text.abort    0x00000000        0x8 ..\obj\syscalls.o
 .debug_info    0x00000000      0x443 ..\obj\syscalls.o
 .debug_abbrev  0x00000000       0xe4 ..\obj\syscalls.o
 .debug_loc     0x00000000      0x1ec ..\obj\syscalls.o
 .debug_aranges
                0x00000000       0x60 ..\obj\syscalls.o
 .debug_ranges  0x00000000       0x50 ..\obj\syscalls.o
 .debug_line    0x00000000      0x1e2 ..\obj\syscalls.o
 .debug_str     0x00000000      0x2be ..\obj\syscalls.o
 .comment       0x00000000       0x71 ..\obj\syscalls.o
 .ARM.attributes
                0x00000000       0x33 ..\obj\syscalls.o
 .debug_frame   0x00000000      0x108 ..\obj\syscalls.o
 .text          0x00000000        0x0 ..\obj\motors.o
 .data          0x00000000        0x0 ..\obj\motors.o
 .bss           0x00000000        0x0 ..\obj\motors.o
 .text          0x00000000        0x0 ..\obj\sensors.o
 .data          0x00000000        0x0 ..\obj\sensors.o
 .text          0x00000000        0x0 ..\obj\lipo.o
 .data          0x00000000        0x0 ..\obj\lipo.o
 .bss           0x00000000        0x0 ..\obj\lipo.o
 .text          0x00000000        0x0 ..\obj\usart.o
 .data          0x00000000        0x0 ..\obj\usart.o
 .bss           0x00000000        0x0 ..\obj\usart.o
 .text.usart_puti
                0x00000000       0x30 ..\obj\usart.o
 .text          0x00000000        0x0 c:/users/ffrea_000/desktop/gcc-arm-none-eabi-4_7-2013q2-20130614-win32/gnu tools arm embedded/4.7 2013q2/bin/../lib/gcc/arm-none-eabi/4.7.4/../../../../arm-none-eabi/lib/armv7-m\libm.a(lib_a-s_atan.o)
 .data          0x00000000        0x0 c:/users/ffrea_000/desktop/gcc-arm-none-eabi-4_7-2013q2-20130614-win32/gnu tools arm embedded/4.7 2013q2/bin/../lib/gcc/arm-none-eabi/4.7.4/../../../../arm-none-eabi/lib/armv7-m\libm.a(lib_a-s_atan.o)
 .bss           0x00000000        0x0 c:/users/ffrea_000/desktop/gcc-arm-none-eabi-4_7-2013q2-20130614-win32/gnu tools arm embedded/4.7 2013q2/bin/../lib/gcc/arm-none-eabi/4.7.4/../../../../arm-none-eabi/lib/armv7-m\libm.a(lib_a-s_atan.o)
 .text          0x00000000        0x0 c:/users/ffrea_000/desktop/gcc-arm-none-eabi-4_7-2013q2-20130614-win32/gnu tools arm embedded/4.7 2013q2/bin/../lib/gcc/arm-none-eabi/4.7.4/../../../../arm-none-eabi/lib/armv7-m\libm.a(lib_a-s_fabs.o)
 .data          0x00000000        0x0 c:/users/ffrea_000/desktop/gcc-arm-none-eabi-4_7-2013q2-20130614-win32/gnu tools arm embedded/4.7 2013q2/bin/../lib/gcc/arm-none-eabi/4.7.4/../../../../arm-none-eabi/lib/armv7-m\libm.a(lib_a-s_fabs.o)
 .bss           0x00000000        0x0 c:/users/ffrea_000/desktop/gcc-arm-none-eabi-4_7-2013q2-20130614-win32/gnu tools arm embedded/4.7 2013q2/bin/../lib/gcc/arm-none-eabi/4.7.4/../../../../arm-none-eabi/lib/armv7-m\libm.a(lib_a-s_fabs.o)
 .text          0x00000000        0x0 c:/users/ffrea_000/desktop/gcc-arm-none-eabi-4_7-2013q2-20130614-win32/gnu tools arm embedded/4.7 2013q2/bin/../lib/gcc/arm-none-eabi/4.7.4/../../../../arm-none-eabi/lib/armv7-m\libm.a(lib_a-w_sqrt.o)
 .data          0x00000000        0x0 c:/users/ffrea_000/desktop/gcc-arm-none-eabi-4_7-2013q2-20130614-win32/gnu tools arm embedded/4.7 2013q2/bin/../lib/gcc/arm-none-eabi/4.7.4/../../../../arm-none-eabi/lib/armv7-m\libm.a(lib_a-w_sqrt.o)
 .bss           0x00000000        0x0 c:/users/ffrea_000/desktop/gcc-arm-none-eabi-4_7-2013q2-20130614-win32/gnu tools arm embedded/4.7 2013q2/bin/../lib/gcc/arm-none-eabi/4.7.4/../../../../arm-none-eabi/lib/armv7-m\libm.a(lib_a-w_sqrt.o)
 .text          0x00000000        0x0 c:/users/ffrea_000/desktop/gcc-arm-none-eabi-4_7-2013q2-20130614-win32/gnu tools arm embedded/4.7 2013q2/bin/../lib/gcc/arm-none-eabi/4.7.4/../../../../arm-none-eabi/lib/armv7-m\libm.a(lib_a-e_sqrt.o)
 .data          0x00000000        0x0 c:/users/ffrea_000/desktop/gcc-arm-none-eabi-4_7-2013q2-20130614-win32/gnu tools arm embedded/4.7 2013q2/bin/../lib/gcc/arm-none-eabi/4.7.4/../../../../arm-none-eabi/lib/armv7-m\libm.a(lib_a-e_sqrt.o)
 .bss           0x00000000        0x0 c:/users/ffrea_000/desktop/gcc-arm-none-eabi-4_7-2013q2-20130614-win32/gnu tools arm embedded/4.7 2013q2/bin/../lib/gcc/arm-none-eabi/4.7.4/../../../../arm-none-eabi/lib/armv7-m\libm.a(lib_a-e_sqrt.o)
 .text          0x00000000        0x0 c:/users/ffrea_000/desktop/gcc-arm-none-eabi-4_7-2013q2-20130614-win32/gnu tools arm embedded/4.7 2013q2/bin/../lib/gcc/arm-none-eabi/4.7.4/../../../../arm-none-eabi/lib/armv7-m\libm.a(lib_a-s_fpclassify.o)
 .data          0x00000000        0x0 c:/users/ffrea_000/desktop/gcc-arm-none-eabi-4_7-2013q2-20130614-win32/gnu tools arm embedded/4.7 2013q2/bin/../lib/gcc/arm-none-eabi/4.7.4/../../../../arm-none-eabi/lib/armv7-m\libm.a(lib_a-s_fpclassify.o)
 .bss           0x00000000        0x0 c:/users/ffrea_000/desktop/gcc-arm-none-eabi-4_7-2013q2-20130614-win32/gnu tools arm embedded/4.7 2013q2/bin/../lib/gcc/arm-none-eabi/4.7.4/../../../../arm-none-eabi/lib/armv7-m\libm.a(lib_a-s_fpclassify.o)
 .text          0x00000000        0x0 c:/users/ffrea_000/desktop/gcc-arm-none-eabi-4_7-2013q2-20130614-win32/gnu tools arm embedded/4.7 2013q2/bin/../lib/gcc/arm-none-eabi/4.7.4/../../../../arm-none-eabi/lib/armv7-m\libm.a(lib_a-s_lib_ver.o)
 .data          0x00000000        0x0 c:/users/ffrea_000/desktop/gcc-arm-none-eabi-4_7-2013q2-20130614-win32/gnu tools arm embedded/4.7 2013q2/bin/../lib/gcc/arm-none-eabi/4.7.4/../../../../arm-none-eabi/lib/armv7-m\libm.a(lib_a-s_lib_ver.o)
 .bss           0x00000000        0x0 c:/users/ffrea_000/desktop/gcc-arm-none-eabi-4_7-2013q2-20130614-win32/gnu tools arm embedded/4.7 2013q2/bin/../lib/gcc/arm-none-eabi/4.7.4/../../../../arm-none-eabi/lib/armv7-m\libm.a(lib_a-s_lib_ver.o)
 .text          0x00000000        0x0 c:/users/ffrea_000/desktop/gcc-arm-none-eabi-4_7-2013q2-20130614-win32/gnu tools arm embedded/4.7 2013q2/bin/../lib/gcc/arm-none-eabi/4.7.4/../../../../arm-none-eabi/lib/armv7-m\libm.a(lib_a-s_matherr.o)
 .data          0x00000000        0x0 c:/users/ffrea_000/desktop/gcc-arm-none-eabi-4_7-2013q2-20130614-win32/gnu tools arm embedded/4.7 2013q2/bin/../lib/gcc/arm-none-eabi/4.7.4/../../../../arm-none-eabi/lib/armv7-m\libm.a(lib_a-s_matherr.o)
 .bss           0x00000000        0x0 c:/users/ffrea_000/desktop/gcc-arm-none-eabi-4_7-2013q2-20130614-win32/gnu tools arm embedded/4.7 2013q2/bin/../lib/gcc/arm-none-eabi/4.7.4/../../../../arm-none-eabi/lib/armv7-m\libm.a(lib_a-s_matherr.o)
 .data          0x00000000        0x0 c:/users/ffrea_000/desktop/gcc-arm-none-eabi-4_7-2013q2-20130614-win32/gnu tools arm embedded/4.7 2013q2/bin/../lib/gcc/arm-none-eabi/4.7.4/armv7-m\libgcc.a(_arm_addsubdf3.o)
 .bss           0x00000000        0x0 c:/users/ffrea_000/desktop/gcc-arm-none-eabi-4_7-2013q2-20130614-win32/gnu tools arm embedded/4.7 2013q2/bin/../lib/gcc/arm-none-eabi/4.7.4/armv7-m\libgcc.a(_arm_addsubdf3.o)
 .data          0x00000000        0x0 c:/users/ffrea_000/desktop/gcc-arm-none-eabi-4_7-2013q2-20130614-win32/gnu tools arm embedded/4.7 2013q2/bin/../lib/gcc/arm-none-eabi/4.7.4/armv7-m\libgcc.a(_arm_muldivdf3.o)
 .bss           0x00000000        0x0 c:/users/ffrea_000/desktop/gcc-arm-none-eabi-4_7-2013q2-20130614-win32/gnu tools arm embedded/4.7 2013q2/bin/../lib/gcc/arm-none-eabi/4.7.4/armv7-m\libgcc.a(_arm_muldivdf3.o)
 .data          0x00000000        0x0 c:/users/ffrea_000/desktop/gcc-arm-none-eabi-4_7-2013q2-20130614-win32/gnu tools arm embedded/4.7 2013q2/bin/../lib/gcc/arm-none-eabi/4.7.4/armv7-m\libgcc.a(_arm_cmpdf2.o)
 .bss           0x00000000        0x0 c:/users/ffrea_000/desktop/gcc-arm-none-eabi-4_7-2013q2-20130614-win32/gnu tools arm embedded/4.7 2013q2/bin/../lib/gcc/arm-none-eabi/4.7.4/armv7-m\libgcc.a(_arm_cmpdf2.o)
 .data          0x00000000        0x0 c:/users/ffrea_000/desktop/gcc-arm-none-eabi-4_7-2013q2-20130614-win32/gnu tools arm embedded/4.7 2013q2/bin/../lib/gcc/arm-none-eabi/4.7.4/armv7-m\libgcc.a(_arm_truncdfsf2.o)
 .bss           0x00000000        0x0 c:/users/ffrea_000/desktop/gcc-arm-none-eabi-4_7-2013q2-20130614-win32/gnu tools arm embedded/4.7 2013q2/bin/../lib/gcc/arm-none-eabi/4.7.4/armv7-m\libgcc.a(_arm_truncdfsf2.o)
 .data          0x00000000        0x0 c:/users/ffrea_000/desktop/gcc-arm-none-eabi-4_7-2013q2-20130614-win32/gnu tools arm embedded/4.7 2013q2/bin/../lib/gcc/arm-none-eabi/4.7.4/armv7-m\libgcc.a(_arm_addsubsf3.o)
 .bss           0x00000000        0x0 c:/users/ffrea_000/desktop/gcc-arm-none-eabi-4_7-2013q2-20130614-win32/gnu tools arm embedded/4.7 2013q2/bin/../lib/gcc/arm-none-eabi/4.7.4/armv7-m\libgcc.a(_arm_addsubsf3.o)
 .data          0x00000000        0x0 c:/users/ffrea_000/desktop/gcc-arm-none-eabi-4_7-2013q2-20130614-win32/gnu tools arm embedded/4.7 2013q2/bin/../lib/gcc/arm-none-eabi/4.7.4/armv7-m\libgcc.a(_arm_muldivsf3.o)
 .bss           0x00000000        0x0 c:/users/ffrea_000/desktop/gcc-arm-none-eabi-4_7-2013q2-20130614-win32/gnu tools arm embedded/4.7 2013q2/bin/../lib/gcc/arm-none-eabi/4.7.4/armv7-m\libgcc.a(_arm_muldivsf3.o)
 .data          0x00000000        0x0 c:/users/ffrea_000/desktop/gcc-arm-none-eabi-4_7-2013q2-20130614-win32/gnu tools arm embedded/4.7 2013q2/bin/../lib/gcc/arm-none-eabi/4.7.4/armv7-m\libgcc.a(_arm_cmpsf2.o)
 .bss           0x00000000        0x0 c:/users/ffrea_000/desktop/gcc-arm-none-eabi-4_7-2013q2-20130614-win32/gnu tools arm embedded/4.7 2013q2/bin/../lib/gcc/arm-none-eabi/4.7.4/armv7-m\libgcc.a(_arm_cmpsf2.o)
 .data          0x00000000        0x0 c:/users/ffrea_000/desktop/gcc-arm-none-eabi-4_7-2013q2-20130614-win32/gnu tools arm embedded/4.7 2013q2/bin/../lib/gcc/arm-none-eabi/4.7.4/armv7-m\libgcc.a(_arm_fixsfsi.o)
 .bss           0x00000000        0x0 c:/users/ffrea_000/desktop/gcc-arm-none-eabi-4_7-2013q2-20130614-win32/gnu tools arm embedded/4.7 2013q2/bin/../lib/gcc/arm-none-eabi/4.7.4/armv7-m\libgcc.a(_arm_fixsfsi.o)
 .text          0x00000000        0x0 c:/users/ffrea_000/desktop/gcc-arm-none-eabi-4_7-2013q2-20130614-win32/gnu tools arm embedded/4.7 2013q2/bin/../lib/gcc/arm-none-eabi/4.7.4/../../../../arm-none-eabi/lib/armv7-m\libc.a(lib_a-errno.o)
 .data          0x00000000        0x0 c:/users/ffrea_000/desktop/gcc-arm-none-eabi-4_7-2013q2-20130614-win32/gnu tools arm embedded/4.7 2013q2/bin/../lib/gcc/arm-none-eabi/4.7.4/../../../../arm-none-eabi/lib/armv7-m\libc.a(lib_a-errno.o)
 .bss           0x00000000        0x0 c:/users/ffrea_000/desktop/gcc-arm-none-eabi-4_7-2013q2-20130614-win32/gnu tools arm embedded/4.7 2013q2/bin/../lib/gcc/arm-none-eabi/4.7.4/../../../../arm-none-eabi/lib/armv7-m\libc.a(lib_a-errno.o)

Memory Configuration

Name             Origin             Length             Attributes
rom              0x08000000         0x00020000         xr
ram              0x20000000         0x00005000         xrw
*default*        0x00000000         0xffffffff

Linker script and memory map

                0x20005000                _eram = 0x20005000

.text           0x08000000     0x3e08
 *(.isr_vector .isr_vector.*)
 .isr_vector    0x08000000      0x10c ..\obj\startup_stm32f10x_md.o
                0x08000000                g_pfnVectors
 *(.text .text.* .gnu.linkonce.t.*)
 .text.NVIC_EnableIRQ
                0x0800010c       0x38 ..\obj\regulation.o
 .text.regulation_init
                0x08000144       0x94 ..\obj\regulation.o
                0x08000144                regulation_init
 .text.TIM1_UP_IRQHandler
                0x080001d8      0x388 ..\obj\regulation.o
                0x080001d8                TIM1_UP_IRQHandler
 .text.comp_filter
                0x08000560      0x11c ..\obj\regulation.o
                0x08000560                comp_filter
 .text.NVIC_EnableIRQ
                0x0800067c       0x38 ..\obj\buzzer.o
 .text.buzzer_init
                0x080006b4       0x74 ..\obj\buzzer.o
                0x080006b4                buzzer_init
 .text.TIM3_IRQHandler
                0x08000728      0x134 ..\obj\buzzer.o
                0x08000728                TIM3_IRQHandler
 .text.SystemInit
                0x0800085c       0xa8 ..\obj\system_stm32f10x.o
                0x0800085c                SystemInit
 .text.SetSysClock
                0x08000904        0xc ..\obj\system_stm32f10x.o
 .text.SetSysClockTo72
                0x08000910      0x1ac ..\obj\system_stm32f10x.o
 .text.Default_Reset_Handler
                0x08000abc       0x70 ..\obj\startup_stm32f10x_md.o
                0x08000abc                Default_Reset_Handler
                0x08000abc                Reset_Handler
 .text.Default_Handler
                0x08000b2c        0x8 ..\obj\startup_stm32f10x_md.o
                0x08000b2c                EXTI2_IRQHandler
                0x08000b2c                DebugMon_Handler
                0x08000b2c                TIM1_CC_IRQHandler
                0x08000b2c                HardFault_Handler
                0x08000b2c                SysTick_Handler
                0x08000b2c                PVD_IRQHandler
                0x08000b2c                PendSV_Handler
                0x08000b2c                NMI_Handler
                0x08000b2c                EXTI0_IRQHandler
                0x08000b2c                I2C2_EV_IRQHandler
                0x08000b2c                UsageFault_Handler
                0x08000b2c                ADC1_2_IRQHandler
                0x08000b2c                SPI1_IRQHandler
                0x08000b2c                TAMPER_IRQHandler
                0x08000b2c                DMA1_Channel4_IRQHandler
                0x08000b2c                USART3_IRQHandler
                0x08000b2c                RTC_IRQHandler
                0x08000b2c                DMA1_Channel7_IRQHandler
                0x08000b2c                CAN1_RX1_IRQHandler
                0x08000b2c                TIM4_IRQHandler
                0x08000b2c                I2C1_EV_IRQHandler
                0x08000b2c                DMA1_Channel6_IRQHandler
                0x08000b2c                RCC_IRQHandler
                0x08000b2c                TIM1_TRG_COM_IRQHandler
                0x08000b2c                DMA1_Channel1_IRQHandler
                0x08000b2c                SPI2_IRQHandler
                0x08000b2c                MemManage_Handler
                0x08000b2c                SVC_Handler
                0x08000b2c                DMA1_Channel5_IRQHandler
                0x08000b2c                USB_LP_CAN1_RX0_IRQHandler
                0x08000b2c                USB_HP_CAN1_TX_IRQHandler
                0x08000b2c                DMA1_Channel3_IRQHandler
                0x08000b2c                WWDG_IRQHandler
                0x08000b2c                TIM1_BRK_IRQHandler
                0x08000b2c                EXTI1_IRQHandler
                0x08000b2c                RTCAlarm_IRQHandler
                0x08000b2c                I2C2_ER_IRQHandler
                0x08000b2c                DMA1_Channel2_IRQHandler
                0x08000b2c                CAN1_SCE_IRQHandler
                0x08000b2c                FLASH_IRQHandler
                0x08000b2c                BusFault_Handler
                0x08000b2c                USART1_IRQHandler
                0x08000b2c                I2C1_ER_IRQHandler
                0x08000b2c                USBWakeUp_IRQHandler
 .text.main     0x08000b34       0x78 ..\obj\main.o
                0x08000b34                main
 .text.clocks_init
                0x08000bac      0x118 ..\obj\main.o
                0x08000bac                clocks_init
 .text.gpio_init
                0x08000cc4      0x138 ..\obj\main.o
                0x08000cc4                gpio_init
 .text.PutChar  0x08000dfc       0x24 ..\obj\printf.o
                0x08000dfc                PutChar
 .text.PutString
                0x08000e20       0x48 ..\obj\printf.o
                0x08000e20                PutString
 .text.PutUnsignedInt
                0x08000e68       0xbc ..\obj\printf.o
                0x08000e68                PutUnsignedInt
 .text.PutSignedInt
                0x08000f24      0x12c ..\obj\printf.o
                0x08000f24                PutSignedInt
 .text.PutHexa  0x08001050       0xe8 ..\obj\printf.o
                0x08001050                PutHexa
 .text.vsnprintf
                0x08001138      0x2a4 ..\obj\printf.o
                0x08001138                vsnprintf
 .text.vsprintf
                0x080013dc       0x28 ..\obj\printf.o
                0x080013dc                vsprintf
 .text.sprintf  0x08001404       0x30 ..\obj\printf.o
                0x08001404                sprintf
 .text.NVIC_EnableIRQ
                0x08001434       0x38 ..\obj\aparature.o
 .text.aparature_init
                0x0800146c       0x48 ..\obj\aparature.o
                0x0800146c                aparature_init
 .text.EXTI15_10_IRQHandler
                0x080014b4       0xc0 ..\obj\aparature.o
                0x080014b4                EXTI15_10_IRQHandler
 .text.NVIC_EnableIRQ
                0x08001574       0x38 ..\obj\leds.o
 .text.leds_init
                0x080015ac       0x38 ..\obj\leds.o
                0x080015ac                leds_init
 .text.TIM2_IRQHandler
                0x080015e4       0xd8 ..\obj\leds.o
                0x080015e4                TIM2_IRQHandler
 .text.motors_init
                0x080016bc       0x98 ..\obj\motors.o
                0x080016bc                motors_init
 .text.motor_set
                0x08001754       0x9c ..\obj\motors.o
                0x08001754                motor_set
 .text.sensors_init
                0x080017f0      0x178 ..\obj\sensors.o
                0x080017f0                sensors_init
 .text.error_check
                0x08001968       0x80 ..\obj\sensors.o
                0x08001968                error_check
 .text.i2c_config
                0x080019e8       0xbc ..\obj\sensors.o
                0x080019e8                i2c_config
 .text.sensors_read
                0x08001aa4      0x30c ..\obj\sensors.o
                0x08001aa4                sensors_read
 .text.EXTI3_IRQHandler
                0x08001db0       0x34 ..\obj\sensors.o
                0x08001db0                EXTI3_IRQHandler
 .text.EXTI4_IRQHandler
                0x08001de4       0x34 ..\obj\sensors.o
                0x08001de4                EXTI4_IRQHandler
 .text.EXTI9_5_IRQHandler
                0x08001e18       0x34 ..\obj\sensors.o
                0x08001e18                EXTI9_5_IRQHandler
 .text.i2c_write2
                0x08001e4c       0x34 ..\obj\sensors.o
                0x08001e4c                i2c_write2
 .text.i2c_write
                0x08001e80      0x188 ..\obj\sensors.o
                0x08001e80                i2c_write
 .text.i2c_read2
                0x08002008       0x30 ..\obj\sensors.o
                0x08002008                i2c_read2
 .text.i2c_read
                0x08002038      0x254 ..\obj\sensors.o
                0x08002038                i2c_read
 .text.lipo_init
                0x0800228c       0xe8 ..\obj\lipo.o
                0x0800228c                lipo_init
 .text.NVIC_EnableIRQ
                0x08002374       0x38 ..\obj\usart.o
 .text.NVIC_SetPriority
                0x080023ac       0x5c ..\obj\usart.o
 .text.usart_init
                0x08002408       0x38 ..\obj\usart.o
                0x08002408                usart_init
 .text.usart_put
                0x08002440       0x38 ..\obj\usart.o
                0x08002440                usart_put
 .text.usart_puts
                0x08002478       0x2c ..\obj\usart.o
                0x08002478                usart_puts
 .text.debug_data
                0x080024a4       0xcc ..\obj\usart.o
                0x080024a4                debug_data
 .text.USART2_IRQHandler
                0x08002570      0x238 ..\obj\usart.o
                0x08002570                USART2_IRQHandler
 .text.atan     0x080027a8      0x368 c:/users/ffrea_000/desktop/gcc-arm-none-eabi-4_7-2013q2-20130614-win32/gnu tools arm embedded/4.7 2013q2/bin/../lib/gcc/arm-none-eabi/4.7.4/../../../../arm-none-eabi/lib/armv7-m\libm.a(lib_a-s_atan.o)
                0x080027a8                atan
 .text.fabs     0x08002b10        0x8 c:/users/ffrea_000/desktop/gcc-arm-none-eabi-4_7-2013q2-20130614-win32/gnu tools arm embedded/4.7 2013q2/bin/../lib/gcc/arm-none-eabi/4.7.4/../../../../arm-none-eabi/lib/armv7-m\libm.a(lib_a-s_fabs.o)
                0x08002b10                fabs
 .text.sqrt     0x08002b18       0xa8 c:/users/ffrea_000/desktop/gcc-arm-none-eabi-4_7-2013q2-20130614-win32/gnu tools arm embedded/4.7 2013q2/bin/../lib/gcc/arm-none-eabi/4.7.4/../../../../arm-none-eabi/lib/armv7-m\libm.a(lib_a-w_sqrt.o)
                0x08002b18                sqrt
 .text.__ieee754_sqrt
                0x08002bc0      0x208 c:/users/ffrea_000/desktop/gcc-arm-none-eabi-4_7-2013q2-20130614-win32/gnu tools arm embedded/4.7 2013q2/bin/../lib/gcc/arm-none-eabi/4.7.4/../../../../arm-none-eabi/lib/armv7-m\libm.a(lib_a-e_sqrt.o)
                0x08002bc0                __ieee754_sqrt
 .text.__fpclassifyd
                0x08002dc8       0x68 c:/users/ffrea_000/desktop/gcc-arm-none-eabi-4_7-2013q2-20130614-win32/gnu tools arm embedded/4.7 2013q2/bin/../lib/gcc/arm-none-eabi/4.7.4/../../../../arm-none-eabi/lib/armv7-m\libm.a(lib_a-s_fpclassify.o)
                0x08002dc8                __fpclassifyd
 .text.matherr  0x08002e30        0x4 c:/users/ffrea_000/desktop/gcc-arm-none-eabi-4_7-2013q2-20130614-win32/gnu tools arm embedded/4.7 2013q2/bin/../lib/gcc/arm-none-eabi/4.7.4/../../../../arm-none-eabi/lib/armv7-m\libm.a(lib_a-s_matherr.o)
                0x08002e30                matherr
 .text          0x08002e34      0x370 c:/users/ffrea_000/desktop/gcc-arm-none-eabi-4_7-2013q2-20130614-win32/gnu tools arm embedded/4.7 2013q2/bin/../lib/gcc/arm-none-eabi/4.7.4/armv7-m\libgcc.a(_arm_addsubdf3.o)
                0x08002e34                __aeabi_drsub
                0x08002e3c                __aeabi_dsub
                0x08002e3c                __subdf3
                0x08002e40                __aeabi_dadd
                0x08002e40                __adddf3
                0x080030b8                __floatunsidf
                0x080030b8                __aeabi_ui2d
                0x080030d8                __floatsidf
                0x080030d8                __aeabi_i2d
                0x080030fc                __aeabi_f2d
                0x080030fc                __extendsfdf2
                0x08003138                __floatundidf
                0x08003138                __aeabi_ul2d
                0x08003148                __floatdidf
                0x08003148                __aeabi_l2d
 .text          0x080031a4      0x424 c:/users/ffrea_000/desktop/gcc-arm-none-eabi-4_7-2013q2-20130614-win32/gnu tools arm embedded/4.7 2013q2/bin/../lib/gcc/arm-none-eabi/4.7.4/armv7-m\libgcc.a(_arm_muldivdf3.o)
                0x080031a4                __aeabi_dmul
                0x080031a4                __muldf3
                0x080033f8                __divdf3
                0x080033f8                __aeabi_ddiv
 .text          0x080035c8      0x110 c:/users/ffrea_000/desktop/gcc-arm-none-eabi-4_7-2013q2-20130614-win32/gnu tools arm embedded/4.7 2013q2/bin/../lib/gcc/arm-none-eabi/4.7.4/armv7-m\libgcc.a(_arm_cmpdf2.o)
                0x080035c8                __gtdf2
                0x080035c8                __gedf2
                0x080035d0                __ltdf2
                0x080035d0                __ledf2
                0x080035d8                __nedf2
                0x080035d8                __eqdf2
                0x080035d8                __cmpdf2
                0x08003654                __aeabi_cdrcmple
                0x08003664                __aeabi_cdcmpeq
                0x08003664                __aeabi_cdcmple
                0x08003674                __aeabi_dcmpeq
                0x08003688                __aeabi_dcmplt
                0x0800369c                __aeabi_dcmple
                0x080036b0                __aeabi_dcmpge
                0x080036c4                __aeabi_dcmpgt
 .text          0x080036d8       0xa0 c:/users/ffrea_000/desktop/gcc-arm-none-eabi-4_7-2013q2-20130614-win32/gnu tools arm embedded/4.7 2013q2/bin/../lib/gcc/arm-none-eabi/4.7.4/armv7-m\libgcc.a(_arm_truncdfsf2.o)
                0x080036d8                __truncdfsf2
                0x080036d8                __aeabi_d2f
 .text          0x08003778      0x21c c:/users/ffrea_000/desktop/gcc-arm-none-eabi-4_7-2013q2-20130614-win32/gnu tools arm embedded/4.7 2013q2/bin/../lib/gcc/arm-none-eabi/4.7.4/armv7-m\libgcc.a(_arm_addsubsf3.o)
                0x08003778                __aeabi_frsub
                0x08003780                __subsf3
                0x08003780                __aeabi_fsub
                0x08003784                __aeabi_fadd
                0x08003784                __addsf3
                0x080038e4                __aeabi_ui2f
                0x080038e4                __floatunsisf
                0x080038ec                __aeabi_i2f
                0x080038ec                __floatsisf
                0x08003908                __aeabi_ul2f
                0x08003908                __floatundisf
                0x08003918                __aeabi_l2f
                0x08003918                __floatdisf
 .text          0x08003994      0x2a0 c:/users/ffrea_000/desktop/gcc-arm-none-eabi-4_7-2013q2-20130614-win32/gnu tools arm embedded/4.7 2013q2/bin/../lib/gcc/arm-none-eabi/4.7.4/armv7-m\libgcc.a(_arm_muldivsf3.o)
                0x08003994                __mulsf3
                0x08003994                __aeabi_fmul
                0x08003afc                __aeabi_fdiv
                0x08003afc                __divsf3
 .text          0x08003c34       0xec c:/users/ffrea_000/desktop/gcc-arm-none-eabi-4_7-2013q2-20130614-win32/gnu tools arm embedded/4.7 2013q2/bin/../lib/gcc/arm-none-eabi/4.7.4/armv7-m\libgcc.a(_arm_cmpsf2.o)
                0x08003c34                __gesf2
                0x08003c34                __gtsf2
                0x08003c3c                __lesf2
                0x08003c3c                __ltsf2
                0x08003c44                __nesf2
                0x08003c44                __eqsf2
                0x08003c44                __cmpsf2
                0x08003ca4                __aeabi_cfrcmple
                0x08003cac                __aeabi_cfcmpeq
                0x08003cac                __aeabi_cfcmple
                0x08003cbc                __aeabi_fcmpeq
                0x08003cd0                __aeabi_fcmplt
                0x08003ce4                __aeabi_fcmple
                0x08003cf8                __aeabi_fcmpge
                0x08003d0c                __aeabi_fcmpgt
 .text          0x08003d20       0x4c c:/users/ffrea_000/desktop/gcc-arm-none-eabi-4_7-2013q2-20130614-win32/gnu tools arm embedded/4.7 2013q2/bin/../lib/gcc/arm-none-eabi/4.7.4/armv7-m\libgcc.a(_arm_fixsfsi.o)
                0x08003d20                __aeabi_f2iz
                0x08003d20                __fixsfsi
 .text.__errno  0x08003d6c        0xc c:/users/ffrea_000/desktop/gcc-arm-none-eabi-4_7-2013q2-20130614-win32/gnu tools arm embedded/4.7 2013q2/bin/../lib/gcc/arm-none-eabi/4.7.4/../../../../arm-none-eabi/lib/armv7-m\libc.a(lib_a-errno.o)
                0x08003d6c                __errno
 *(.glue_7t)
 .glue_7t       0x00000000        0x0 linker stubs
 *(.glue_7)
 .glue_7        0x00000000        0x0 linker stubs
 *(.rodata .rodata* .gnu.linkonce.r.*)
 .rodata        0x08003d78       0x14 ..\obj\main.o
 .rodata        0x08003d8c       0x30 ..\obj\usart.o
 *fill*         0x08003dbc        0x4 00
 .rodata.atanlo
                0x08003dc0       0x20 c:/users/ffrea_000/desktop/gcc-arm-none-eabi-4_7-2013q2-20130614-win32/gnu tools arm embedded/4.7 2013q2/bin/../lib/gcc/arm-none-eabi/4.7.4/../../../../arm-none-eabi/lib/armv7-m\libm.a(lib_a-s_atan.o)
 .rodata.atanhi
                0x08003de0       0x20 c:/users/ffrea_000/desktop/gcc-arm-none-eabi-4_7-2013q2-20130614-win32/gnu tools arm embedded/4.7 2013q2/bin/../lib/gcc/arm-none-eabi/4.7.4/../../../../arm-none-eabi/lib/armv7-m\libm.a(lib_a-s_atan.o)
 .rodata.str1.4
                0x08003e00        0x8 c:/users/ffrea_000/desktop/gcc-arm-none-eabi-4_7-2013q2-20130614-win32/gnu tools arm embedded/4.7 2013q2/bin/../lib/gcc/arm-none-eabi/4.7.4/../../../../arm-none-eabi/lib/armv7-m\libm.a(lib_a-w_sqrt.o)

.vfp11_veneer   0x08003e08        0x0
 .vfp11_veneer  0x00000000        0x0 linker stubs

.v4_bx          0x08003e08        0x0
 .v4_bx         0x00000000        0x0 linker stubs

.iplt           0x08003e08        0x0
 .iplt          0x00000000        0x0 ..\obj\regulation.o

.rel.dyn        0x08003e08        0x0
 .rel.iplt      0x00000000        0x0 ..\obj\regulation.o

.ARM.extab
 *(.ARM.extab* .gnu.linkonce.armextab.*)
                0x08003e08                __exidx_start = .

.ARM.exidx
 *(.ARM.exidx* .gnu.linkonce.armexidx.*)
                0x08003e08                __exidx_end = .
                0x08003e08                . = ALIGN (0x4)
                0x08003e08                _etext = .
                0x08003e08                _sidata = .

.data           0x20000000      0x448 load address 0x08003e08
                0x20000000                _sdata = .
 *(.data .data.*)
 .data          0x20000000      0x430 ..\obj\printf.o
                0x20000000                r
                0x20000428                _impure_ptr
 .data          0x20000430        0x4 ..\obj\aparature.o
                0x20000430                offset
 .data          0x20000434       0x10 ..\obj\leds.o
                0x20000434                leds
 .data.__fdlib_version
                0x20000444        0x1 c:/users/ffrea_000/desktop/gcc-arm-none-eabi-4_7-2013q2-20130614-win32/gnu tools arm embedded/4.7 2013q2/bin/../lib/gcc/arm-none-eabi/4.7.4/../../../../arm-none-eabi/lib/armv7-m\libm.a(lib_a-s_lib_ver.o)
                0x20000444                __fdlib_version
                0x20000448                . = ALIGN (0x4)
 *fill*         0x20000445        0x3 00
                0x20000448                _edata = .

.igot.plt       0x20000448        0x0 load address 0x08004250
 .igot.plt      0x00000000        0x0 ..\obj\regulation.o

.bss            0x20000448       0xb4 load address 0x08004250
                0x20000448                _sbss = .
 *(.bss .bss.*)
 .bss           0x20000448       0x10 ..\obj\regulation.o
                0x20000448                iPower
                0x2000044c                x_angle
                0x20000450                last_error
                0x20000454                filterAngle
 .bss           0x20000458       0x18 ..\obj\buzzer.o
                0x20000458                t_time
                0x2000045c                t_mode
                0x20000460                t_counter
                0x20000464                t_counter2
                0x20000468                t_ccr
                0x2000046c                t_clicks
 .bss           0x20000470        0x4 ..\obj\leds.o
                0x20000470                i
 .bss           0x20000474        0x4 ..\obj\sensors.o
                0x20000474                sensors_error_flag
 *(COMMON)
 COMMON         0x20000478       0x40 ..\obj\regulation.o
                0x20000478                acc
                0x20000484                pid
                0x20000498                magneto
                0x200004a0                filterTerm0
                0x200004a4                gyro
                0x200004b0                filterTerm1
                0x200004b4                filterTerm2
 COMMON         0x200004b8       0x24 ..\obj\main.o
                0x200004b8                ADCVal
                0x200004bc                pilot
 COMMON         0x200004dc       0x20 ..\obj\aparature.o
                0x200004dc                prevstate
                0x200004fc                . = ALIGN (0x4)
                0x200004fc                _ebss = .

.co_stack       0x200004fc      0x404 load address 0x08004304
                0x20000500                . = ALIGN (0x8)
 *fill*         0x200004fc        0x4 00
 *(.co_stack .co_stack.*)
 .co_stack      0x20000500      0x400 ..\obj\startup_stm32f10x_md.o
                0x20000500                pulStack
                0x20000900                . = ALIGN (0x4)
                0x20000900                _end = .
LOAD ..\obj\regulation.o
LOAD ..\obj\core_cm3.o
LOAD ..\obj\buzzer.o
LOAD ..\obj\system_stm32f10x.o
LOAD ..\obj\startup_stm32f10x_md.o
LOAD ..\obj\main.o
LOAD ..\obj\printf.o
LOAD ..\obj\aparature.o
LOAD ..\obj\leds.o
LOAD ..\obj\syscalls.o
LOAD ..\obj\motors.o
LOAD ..\obj\sensors.o
LOAD ..\obj\lipo.o
LOAD ..\obj\usart.o
LOAD c:/users/ffrea_000/desktop/gcc-arm-none-eabi-4_7-2013q2-20130614-win32/gnu tools arm embedded/4.7 2013q2/bin/../lib/gcc/arm-none-eabi/4.7.4/../../../../arm-none-eabi/lib/armv7-m\libm.a
LOAD c:/users/ffrea_000/desktop/gcc-arm-none-eabi-4_7-2013q2-20130614-win32/gnu tools arm embedded/4.7 2013q2/bin/../lib/gcc/arm-none-eabi/4.7.4/armv7-m\libgcc.a
LOAD c:/users/ffrea_000/desktop/gcc-arm-none-eabi-4_7-2013q2-20130614-win32/gnu tools arm embedded/4.7 2013q2/bin/../lib/gcc/arm-none-eabi/4.7.4/../../../../arm-none-eabi/lib/armv7-m\libc.a
START GROUP
LOAD c:/users/ffrea_000/desktop/gcc-arm-none-eabi-4_7-2013q2-20130614-win32/gnu tools arm embedded/4.7 2013q2/bin/../lib/gcc/arm-none-eabi/4.7.4/armv7-m\libgcc.a
LOAD c:/users/ffrea_000/desktop/gcc-arm-none-eabi-4_7-2013q2-20130614-win32/gnu tools arm embedded/4.7 2013q2/bin/../lib/gcc/arm-none-eabi/4.7.4/../../../../arm-none-eabi/lib/armv7-m\libg.a
LOAD c:/users/ffrea_000/desktop/gcc-arm-none-eabi-4_7-2013q2-20130614-win32/gnu tools arm embedded/4.7 2013q2/bin/../lib/gcc/arm-none-eabi/4.7.4/../../../../arm-none-eabi/lib/armv7-m\libc.a
END GROUP
OUTPUT(Quadro.elf elf32-littlearm)

.debug_info     0x00000000     0x50ff
 .debug_info    0x00000000      0x94b ..\obj\regulation.o
 .debug_info    0x0000094b      0x700 ..\obj\buzzer.o
 .debug_info    0x0000104b      0x479 ..\obj\system_stm32f10x.o
 .debug_info    0x000014c4       0xff ..\obj\startup_stm32f10x_md.o
 .debug_info    0x000015c3      0x58f ..\obj\main.o
 .debug_info    0x00001b52      0xf65 ..\obj\printf.o
 .debug_info    0x00002ab7      0x84e ..\obj\aparature.o
 .debug_info    0x00003305      0x6b9 ..\obj\leds.o
 .debug_info    0x000039be      0x358 ..\obj\motors.o
 .debug_info    0x00003d16      0x5e0 ..\obj\sensors.o
 .debug_info    0x000042f6      0x26f ..\obj\lipo.o
 .debug_info    0x00004565      0xb9a ..\obj\usart.o

.debug_abbrev   0x00000000     0x11c7
 .debug_abbrev  0x00000000      0x1e2 ..\obj\regulation.o
 .debug_abbrev  0x000001e2      0x199 ..\obj\buzzer.o
 .debug_abbrev  0x0000037b      0x179 ..\obj\system_stm32f10x.o
 .debug_abbrev  0x000004f4       0xa9 ..\obj\startup_stm32f10x_md.o
 .debug_abbrev  0x0000059d      0x161 ..\obj\main.o
 .debug_abbrev  0x000006fe      0x262 ..\obj\printf.o
 .debug_abbrev  0x00000960      0x169 ..\obj\aparature.o
 .debug_abbrev  0x00000ac9      0x165 ..\obj\leds.o
 .debug_abbrev  0x00000c2e       0xc6 ..\obj\motors.o
 .debug_abbrev  0x00000cf4      0x1fe ..\obj\sensors.o
 .debug_abbrev  0x00000ef2       0xc0 ..\obj\lipo.o
 .debug_abbrev  0x00000fb2      0x215 ..\obj\usart.o

.debug_loc      0x00000000      0xcf6
 .debug_loc     0x00000000       0xd6 ..\obj\regulation.o
 .debug_loc     0x000000d6       0xf4 ..\obj\buzzer.o
 .debug_loc     0x000001ca       0xc8 ..\obj\system_stm32f10x.o
 .debug_loc     0x00000292       0x64 ..\obj\startup_stm32f10x_md.o
 .debug_loc     0x000002f6       0x90 ..\obj\main.o
 .debug_loc     0x00000386      0x3ea ..\obj\printf.o
 .debug_loc     0x00000770       0x9c ..\obj\aparature.o
 .debug_loc     0x0000080c       0x90 ..\obj\leds.o
 .debug_loc     0x0000089c       0x64 ..\obj\motors.o
 .debug_loc     0x00000900      0x214 ..\obj\sensors.o
 .debug_loc     0x00000b14       0x2c ..\obj\lipo.o
 .debug_loc     0x00000b40      0x1b6 ..\obj\usart.o

.debug_aranges  0x00000000      0x318
 .debug_aranges
                0x00000000       0x38 ..\obj\regulation.o
 .debug_aranges
                0x00000038       0x40 ..\obj\buzzer.o
 .debug_aranges
                0x00000078       0x38 ..\obj\system_stm32f10x.o
 .debug_aranges
                0x000000b0       0x28 ..\obj\startup_stm32f10x_md.o
 .debug_aranges
                0x000000d8       0x30 ..\obj\main.o
 .debug_aranges
                0x00000108       0xa0 ..\obj\printf.o
 .debug_aranges
                0x000001a8       0x30 ..\obj\aparature.o
 .debug_aranges
                0x000001d8       0x30 ..\obj\leds.o
 .debug_aranges
                0x00000208       0x28 ..\obj\motors.o
 .debug_aranges
                0x00000230       0x70 ..\obj\sensors.o
 .debug_aranges
                0x000002a0       0x20 ..\obj\lipo.o
 .debug_aranges
                0x000002c0       0x58 ..\obj\usart.o

.debug_ranges   0x00000000      0x258
 .debug_ranges  0x00000000       0x28 ..\obj\regulation.o
 .debug_ranges  0x00000028       0x30 ..\obj\buzzer.o
 .debug_ranges  0x00000058       0x28 ..\obj\system_stm32f10x.o
 .debug_ranges  0x00000080       0x18 ..\obj\startup_stm32f10x_md.o
 .debug_ranges  0x00000098       0x20 ..\obj\main.o
 .debug_ranges  0x000000b8       0x90 ..\obj\printf.o
 .debug_ranges  0x00000148       0x20 ..\obj\aparature.o
 .debug_ranges  0x00000168       0x20 ..\obj\leds.o
 .debug_ranges  0x00000188       0x18 ..\obj\motors.o
 .debug_ranges  0x000001a0       0x60 ..\obj\sensors.o
 .debug_ranges  0x00000200       0x10 ..\obj\lipo.o
 .debug_ranges  0x00000210       0x48 ..\obj\usart.o

.debug_line     0x00000000     0x1cea
 .debug_line    0x00000000      0x296 ..\obj\regulation.o
 .debug_line    0x00000296      0x256 ..\obj\buzzer.o
 .debug_line    0x000004ec      0x232 ..\obj\system_stm32f10x.o
 .debug_line    0x0000071e       0xb5 ..\obj\startup_stm32f10x_md.o
 .debug_line    0x000007d3      0x273 ..\obj\main.o
 .debug_line    0x00000a46      0x49a ..\obj\printf.o
 .debug_line    0x00000ee0      0x210 ..\obj\aparature.o
 .debug_line    0x000010f0      0x1fe ..\obj\leds.o
 .debug_line    0x000012ee      0x1f0 ..\obj\motors.o
 .debug_line    0x000014de      0x37f ..\obj\sensors.o
 .debug_line    0x0000185d      0x1db ..\obj\lipo.o
 .debug_line    0x00001a38      0x2b2 ..\obj\usart.o

.debug_str      0x00000000     0x1365
 .debug_str     0x00000000      0x665 ..\obj\regulation.o
                                0x6bf (size before relaxing)
 .debug_str     0x00000665       0xcc ..\obj\buzzer.o
                                0x605 (size before relaxing)
 .debug_str     0x00000731      0x193 ..\obj\system_stm32f10x.o
                                0x295 (size before relaxing)
 .debug_str     0x000008c4       0xc3 ..\obj\startup_stm32f10x_md.o
                                0x127 (size before relaxing)
 .debug_str     0x00000987      0x121 ..\obj\main.o
                                0x2e6 (size before relaxing)
 .debug_str     0x00000aa8      0x507 ..\obj\printf.o
                                0x646 (size before relaxing)
 .debug_str     0x00000faf       0xb3 ..\obj\aparature.o
                                0x677 (size before relaxing)
 .debug_str     0x00001062       0x5e ..\obj\leds.o
                                0x59d (size before relaxing)
 .debug_str     0x000010c0       0x57 ..\obj\motors.o
                                0x263 (size before relaxing)
 .debug_str     0x00001117       0xf4 ..\obj\sensors.o
                                0x2e8 (size before relaxing)
 .debug_str     0x0000120b       0xbb ..\obj\lipo.o
                                0x1c1 (size before relaxing)
 .debug_str     0x000012c6       0x9f ..\obj\usart.o
                                0x6ed (size before relaxing)

.comment        0x00000000       0x70
 .comment       0x00000000       0x70 ..\obj\regulation.o
                                 0x71 (size before relaxing)
 .comment       0x00000000       0x71 ..\obj\buzzer.o
 .comment       0x00000000       0x71 ..\obj\system_stm32f10x.o
 .comment       0x00000000       0x71 ..\obj\startup_stm32f10x_md.o
 .comment       0x00000000       0x71 ..\obj\main.o
 .comment       0x00000000       0x71 ..\obj\printf.o
 .comment       0x00000000       0x71 ..\obj\aparature.o
 .comment       0x00000000       0x71 ..\obj\leds.o
 .comment       0x00000000       0x71 ..\obj\motors.o
 .comment       0x00000000       0x71 ..\obj\sensors.o
 .comment       0x00000000       0x71 ..\obj\lipo.o
 .comment       0x00000000       0x71 ..\obj\usart.o

.ARM.attributes
                0x00000000       0x33
 .ARM.attributes
                0x00000000       0x33 ..\obj\regulation.o
 .ARM.attributes
                0x00000033       0x33 ..\obj\buzzer.o
 .ARM.attributes
                0x00000066       0x33 ..\obj\system_stm32f10x.o
 .ARM.attributes
                0x00000099       0x33 ..\obj\startup_stm32f10x_md.o
 .ARM.attributes
                0x000000cc       0x33 ..\obj\main.o
 .ARM.attributes
                0x000000ff       0x33 ..\obj\printf.o
 .ARM.attributes
                0x00000132       0x33 ..\obj\aparature.o
 .ARM.attributes
                0x00000165       0x33 ..\obj\leds.o
 .ARM.attributes
                0x00000198       0x33 ..\obj\motors.o
 .ARM.attributes
                0x000001cb       0x33 ..\obj\sensors.o
 .ARM.attributes
                0x000001fe       0x33 ..\obj\lipo.o
 .ARM.attributes
                0x00000231       0x33 ..\obj\usart.o
 .ARM.attributes
                0x00000264       0x2d c:/users/ffrea_000/desktop/gcc-arm-none-eabi-4_7-2013q2-20130614-win32/gnu tools arm embedded/4.7 2013q2/bin/../lib/gcc/arm-none-eabi/4.7.4/../../../../arm-none-eabi/lib/armv7-m\libm.a(lib_a-s_atan.o)
 .ARM.attributes
                0x00000291       0x2d c:/users/ffrea_000/desktop/gcc-arm-none-eabi-4_7-2013q2-20130614-win32/gnu tools arm embedded/4.7 2013q2/bin/../lib/gcc/arm-none-eabi/4.7.4/../../../../arm-none-eabi/lib/armv7-m\libm.a(lib_a-s_fabs.o)
 .ARM.attributes
                0x000002be       0x2d c:/users/ffrea_000/desktop/gcc-arm-none-eabi-4_7-2013q2-20130614-win32/gnu tools arm embedded/4.7 2013q2/bin/../lib/gcc/arm-none-eabi/4.7.4/../../../../arm-none-eabi/lib/armv7-m\libm.a(lib_a-w_sqrt.o)
 .ARM.attributes
                0x000002eb       0x2d c:/users/ffrea_000/desktop/gcc-arm-none-eabi-4_7-2013q2-20130614-win32/gnu tools arm embedded/4.7 2013q2/bin/../lib/gcc/arm-none-eabi/4.7.4/../../../../arm-none-eabi/lib/armv7-m\libm.a(lib_a-e_sqrt.o)
 .ARM.attributes
                0x00000318       0x2d c:/users/ffrea_000/desktop/gcc-arm-none-eabi-4_7-2013q2-20130614-win32/gnu tools arm embedded/4.7 2013q2/bin/../lib/gcc/arm-none-eabi/4.7.4/../../../../arm-none-eabi/lib/armv7-m\libm.a(lib_a-s_fpclassify.o)
 .ARM.attributes
                0x00000345       0x2d c:/users/ffrea_000/desktop/gcc-arm-none-eabi-4_7-2013q2-20130614-win32/gnu tools arm embedded/4.7 2013q2/bin/../lib/gcc/arm-none-eabi/4.7.4/../../../../arm-none-eabi/lib/armv7-m\libm.a(lib_a-s_lib_ver.o)
 .ARM.attributes
                0x00000372       0x2d c:/users/ffrea_000/desktop/gcc-arm-none-eabi-4_7-2013q2-20130614-win32/gnu tools arm embedded/4.7 2013q2/bin/../lib/gcc/arm-none-eabi/4.7.4/../../../../arm-none-eabi/lib/armv7-m\libm.a(lib_a-s_matherr.o)
 .ARM.attributes
                0x0000039f       0x1d c:/users/ffrea_000/desktop/gcc-arm-none-eabi-4_7-2013q2-20130614-win32/gnu tools arm embedded/4.7 2013q2/bin/../lib/gcc/arm-none-eabi/4.7.4/armv7-m\libgcc.a(_arm_addsubdf3.o)
 .ARM.attributes
                0x000003bc       0x1d c:/users/ffrea_000/desktop/gcc-arm-none-eabi-4_7-2013q2-20130614-win32/gnu tools arm embedded/4.7 2013q2/bin/../lib/gcc/arm-none-eabi/4.7.4/armv7-m\libgcc.a(_arm_muldivdf3.o)
 .ARM.attributes
                0x000003d9       0x1d c:/users/ffrea_000/desktop/gcc-arm-none-eabi-4_7-2013q2-20130614-win32/gnu tools arm embedded/4.7 2013q2/bin/../lib/gcc/arm-none-eabi/4.7.4/armv7-m\libgcc.a(_arm_cmpdf2.o)
 .ARM.attributes
                0x000003f6       0x1d c:/users/ffrea_000/desktop/gcc-arm-none-eabi-4_7-2013q2-20130614-win32/gnu tools arm embedded/4.7 2013q2/bin/../lib/gcc/arm-none-eabi/4.7.4/armv7-m\libgcc.a(_arm_truncdfsf2.o)
 .ARM.attributes
                0x00000413       0x1d c:/users/ffrea_000/desktop/gcc-arm-none-eabi-4_7-2013q2-20130614-win32/gnu tools arm embedded/4.7 2013q2/bin/../lib/gcc/arm-none-eabi/4.7.4/armv7-m\libgcc.a(_arm_addsubsf3.o)
 .ARM.attributes
                0x00000430       0x1d c:/users/ffrea_000/desktop/gcc-arm-none-eabi-4_7-2013q2-20130614-win32/gnu tools arm embedded/4.7 2013q2/bin/../lib/gcc/arm-none-eabi/4.7.4/armv7-m\libgcc.a(_arm_muldivsf3.o)
 .ARM.attributes
                0x0000044d       0x1d c:/users/ffrea_000/desktop/gcc-arm-none-eabi-4_7-2013q2-20130614-win32/gnu tools arm embedded/4.7 2013q2/bin/../lib/gcc/arm-none-eabi/4.7.4/armv7-m\libgcc.a(_arm_cmpsf2.o)
 .ARM.attributes
                0x0000046a       0x1d c:/users/ffrea_000/desktop/gcc-arm-none-eabi-4_7-2013q2-20130614-win32/gnu tools arm embedded/4.7 2013q2/bin/../lib/gcc/arm-none-eabi/4.7.4/armv7-m\libgcc.a(_arm_fixsfsi.o)
 .ARM.attributes
                0x00000487       0x2d c:/users/ffrea_000/desktop/gcc-arm-none-eabi-4_7-2013q2-20130614-win32/gnu tools arm embedded/4.7 2013q2/bin/../lib/gcc/arm-none-eabi/4.7.4/../../../../arm-none-eabi/lib/armv7-m\libc.a(lib_a-errno.o)

.debug_frame    0x00000000      0x92c
 .debug_frame   0x00000000       0x8c ..\obj\regulation.o
 .debug_frame   0x0000008c       0x94 ..\obj\buzzer.o
 .debug_frame   0x00000120       0x80 ..\obj\system_stm32f10x.o
 .debug_frame   0x000001a0       0x48 ..\obj\startup_stm32f10x_md.o
 .debug_frame   0x000001e8       0x60 ..\obj\main.o
 .debug_frame   0x00000248      0x244 ..\obj\printf.o
 .debug_frame   0x0000048c       0x64 ..\obj\aparature.o
 .debug_frame   0x000004f0       0x60 ..\obj\leds.o
 .debug_frame   0x00000550       0x44 ..\obj\motors.o
 .debug_frame   0x00000594      0x144 ..\obj\sensors.o
 .debug_frame   0x000006d8       0x28 ..\obj\lipo.o
 .debug_frame   0x00000700      0x108 ..\obj\usart.o
 .debug_frame   0x00000808       0x38 c:/users/ffrea_000/desktop/gcc-arm-none-eabi-4_7-2013q2-20130614-win32/gnu tools arm embedded/4.7 2013q2/bin/../lib/gcc/arm-none-eabi/4.7.4/../../../../arm-none-eabi/lib/armv7-m\libm.a(lib_a-s_atan.o)
 .debug_frame   0x00000840       0x20 c:/users/ffrea_000/desktop/gcc-arm-none-eabi-4_7-2013q2-20130614-win32/gnu tools arm embedded/4.7 2013q2/bin/../lib/gcc/arm-none-eabi/4.7.4/../../../../arm-none-eabi/lib/armv7-m\libm.a(lib_a-s_fabs.o)
 .debug_frame   0x00000860       0x38 c:/users/ffrea_000/desktop/gcc-arm-none-eabi-4_7-2013q2-20130614-win32/gnu tools arm embedded/4.7 2013q2/bin/../lib/gcc/arm-none-eabi/4.7.4/../../../../arm-none-eabi/lib/armv7-m\libm.a(lib_a-w_sqrt.o)
 .debug_frame   0x00000898       0x34 c:/users/ffrea_000/desktop/gcc-arm-none-eabi-4_7-2013q2-20130614-win32/gnu tools arm embedded/4.7 2013q2/bin/../lib/gcc/arm-none-eabi/4.7.4/../../../../arm-none-eabi/lib/armv7-m\libm.a(lib_a-e_sqrt.o)
 .debug_frame   0x000008cc       0x20 c:/users/ffrea_000/desktop/gcc-arm-none-eabi-4_7-2013q2-20130614-win32/gnu tools arm embedded/4.7 2013q2/bin/../lib/gcc/arm-none-eabi/4.7.4/../../../../arm-none-eabi/lib/armv7-m\libm.a(lib_a-s_fpclassify.o)
 .debug_frame   0x000008ec       0x20 c:/users/ffrea_000/desktop/gcc-arm-none-eabi-4_7-2013q2-20130614-win32/gnu tools arm embedded/4.7 2013q2/bin/../lib/gcc/arm-none-eabi/4.7.4/../../../../arm-none-eabi/lib/armv7-m\libm.a(lib_a-s_matherr.o)
 .debug_frame   0x0000090c       0x20 c:/users/ffrea_000/desktop/gcc-arm-none-eabi-4_7-2013q2-20130614-win32/gnu tools arm embedded/4.7 2013q2/bin/../lib/gcc/arm-none-eabi/4.7.4/../../../../arm-none-eabi/lib/armv7-m\libc.a(lib_a-errno.o)
