
Allocating common symbols
Common symbol       size              file

acc                 0x8               ..\obj\main.o
magneto             0x8               ..\obj\main.o
ADCVal              0x4               ..\obj\main.o
gyro                0x8               ..\obj\main.o

Discarded input sections

 .text          0x00000000        0x0 ..\obj\semihosting.o
 .data          0x00000000        0x0 ..\obj\semihosting.o
 .bss           0x00000000       0x14 ..\obj\semihosting.o
 .text.SH_SendChar
                0x00000000       0x9c ..\obj\semihosting.o
 .text.SH_GetChar
                0x00000000       0x4c ..\obj\semihosting.o
 .text          0x00000000        0x0 ..\obj\core_cm3.o
 .data          0x00000000        0x0 ..\obj\core_cm3.o
 .bss           0x00000000        0x0 ..\obj\core_cm3.o
 .text.__get_PSP
                0x00000000       0x10 ..\obj\core_cm3.o
 .text.__set_PSP
                0x00000000        0x8 ..\obj\core_cm3.o
 .text.__get_MSP
                0x00000000       0x10 ..\obj\core_cm3.o
 .text.__set_MSP
                0x00000000        0x8 ..\obj\core_cm3.o
 .text.__get_BASEPRI
                0x00000000       0x20 ..\obj\core_cm3.o
 .text.__set_BASEPRI
                0x00000000       0x18 ..\obj\core_cm3.o
 .text.__get_PRIMASK
                0x00000000       0x20 ..\obj\core_cm3.o
 .text.__set_PRIMASK
                0x00000000       0x18 ..\obj\core_cm3.o
 .text.__get_FAULTMASK
                0x00000000       0x20 ..\obj\core_cm3.o
 .text.__set_FAULTMASK
                0x00000000       0x18 ..\obj\core_cm3.o
 .text.__get_CONTROL
                0x00000000       0x20 ..\obj\core_cm3.o
 .text.__set_CONTROL
                0x00000000       0x18 ..\obj\core_cm3.o
 .text.__REV    0x00000000       0x24 ..\obj\core_cm3.o
 .text.__REV16  0x00000000       0x24 ..\obj\core_cm3.o
 .text.__REVSH  0x00000000       0x24 ..\obj\core_cm3.o
 .text.__RBIT   0x00000000       0x24 ..\obj\core_cm3.o
 .text.__LDREXB
                0x00000000       0x24 ..\obj\core_cm3.o
 .text.__LDREXH
                0x00000000       0x24 ..\obj\core_cm3.o
 .text.__LDREXW
                0x00000000       0x24 ..\obj\core_cm3.o
 .text.__STREXB
                0x00000000       0x2c ..\obj\core_cm3.o
 .text.__STREXH
                0x00000000       0x2c ..\obj\core_cm3.o
 .text.__STREXW
                0x00000000       0x28 ..\obj\core_cm3.o
 .debug_info    0x00000000      0x55e ..\obj\core_cm3.o
 .debug_abbrev  0x00000000       0xe4 ..\obj\core_cm3.o
 .debug_loc     0x00000000      0x3f0 ..\obj\core_cm3.o
 .debug_aranges
                0x00000000       0xc8 ..\obj\core_cm3.o
 .debug_ranges  0x00000000       0xb8 ..\obj\core_cm3.o
 .debug_line    0x00000000      0x2d3 ..\obj\core_cm3.o
 .debug_str     0x00000000      0x279 ..\obj\core_cm3.o
 .comment       0x00000000       0x71 ..\obj\core_cm3.o
 .ARM.attributes
                0x00000000       0x33 ..\obj\core_cm3.o
 .debug_frame   0x00000000      0x280 ..\obj\core_cm3.o
 .text          0x00000000        0x0 ..\obj\buzzer.o
 .data          0x00000000        0x0 ..\obj\buzzer.o
 .text.play_buzz
                0x00000000      0x130 ..\obj\buzzer.o
 .text.wait_buzz
                0x00000000       0x20 ..\obj\buzzer.o
 .text          0x00000000        0x0 ..\obj\system_stm32f10x.o
 .data          0x00000000       0x14 ..\obj\system_stm32f10x.o
 .bss           0x00000000        0x0 ..\obj\system_stm32f10x.o
 .text.SystemCoreClockUpdate
                0x00000000      0x148 ..\obj\system_stm32f10x.o
 .text          0x00000000        0x0 ..\obj\startup_stm32f10x_md.o
 .data          0x00000000        0x0 ..\obj\startup_stm32f10x_md.o
 .bss           0x00000000        0x0 ..\obj\startup_stm32f10x_md.o
 .text          0x00000000        0x0 ..\obj\main.o
 .data          0x00000000        0x0 ..\obj\main.o
 .bss           0x00000000        0x0 ..\obj\main.o
 .text          0x00000000        0x0 ..\obj\printf.o
 .data          0x00000000      0x430 ..\obj\printf.o
 .bss           0x00000000        0x0 ..\obj\printf.o
 .text.PrintChar
                0x00000000       0x14 ..\obj\printf.o
 .text.snprintf
                0x00000000       0x34 ..\obj\printf.o
 .rodata        0x00000000       0x24 ..\obj\printf.o
 .text.vfprintf
                0x00000000       0x6c ..\obj\printf.o
 .text.vprintf  0x00000000       0x2c ..\obj\printf.o
 .text.fprintf  0x00000000       0x30 ..\obj\printf.o
 .text.printf   0x00000000       0x2c ..\obj\printf.o
 .text.puts     0x00000000       0x28 ..\obj\printf.o
 .text.fputc    0x00000000       0x4c ..\obj\printf.o
 .text.fputs    0x00000000       0x50 ..\obj\printf.o
 .text          0x00000000        0x0 ..\obj\leds.o
 .data          0x00000000        0x0 ..\obj\sh_cmd.o
 .bss           0x00000000        0x0 ..\obj\sh_cmd.o
 .text          0x00000000        0x0 ..\obj\syscalls.o
 .data          0x00000000        0x0 ..\obj\syscalls.o
 .bss           0x00000000        0x4 ..\obj\syscalls.o
 .text._sbrk    0x00000000       0x5c ..\obj\syscalls.o
 .text.link     0x00000000       0x1c ..\obj\syscalls.o
 .text._close   0x00000000       0x18 ..\obj\syscalls.o
 .text._fstat   0x00000000       0x24 ..\obj\syscalls.o
 .text._isatty  0x00000000       0x18 ..\obj\syscalls.o
 .text._lseek   0x00000000       0x1c ..\obj\syscalls.o
 .text._read    0x00000000       0x1c ..\obj\syscalls.o
 .text._write   0x00000000       0x1c ..\obj\syscalls.o
 .text.abort    0x00000000        0x8 ..\obj\syscalls.o
 .debug_info    0x00000000      0x443 ..\obj\syscalls.o
 .debug_abbrev  0x00000000       0xe4 ..\obj\syscalls.o
 .debug_loc     0x00000000      0x1ec ..\obj\syscalls.o
 .debug_aranges
                0x00000000       0x60 ..\obj\syscalls.o
 .debug_ranges  0x00000000       0x50 ..\obj\syscalls.o
 .debug_line    0x00000000      0x1e2 ..\obj\syscalls.o
 .debug_str     0x00000000      0x2be ..\obj\syscalls.o
 .comment       0x00000000       0x71 ..\obj\syscalls.o
 .ARM.attributes
                0x00000000       0x33 ..\obj\syscalls.o
 .debug_frame   0x00000000      0x108 ..\obj\syscalls.o
 .text          0x00000000        0x0 ..\obj\motors.o
 .data          0x00000000        0x0 ..\obj\motors.o
 .bss           0x00000000        0x0 ..\obj\motors.o
 .text.motor_set
                0x00000000       0x9c ..\obj\motors.o
 .text          0x00000000        0x0 ..\obj\sensors.o
 .data          0x00000000        0x0 ..\obj\sensors.o
 .text          0x00000000        0x0 ..\obj\lipo.o
 .data          0x00000000        0x0 ..\obj\lipo.o
 .bss           0x00000000        0x0 ..\obj\lipo.o

Memory Configuration

Name             Origin             Length             Attributes
rom              0x08000000         0x00020000         xr
ram              0x20000000         0x00005000         xrw
*default*        0x00000000         0xffffffff

Linker script and memory map

                0x20005000                _eram = 0x20005000

.text           0x08000000     0x1d80
 *(.isr_vector .isr_vector.*)
 .isr_vector    0x08000000      0x10c ..\obj\startup_stm32f10x_md.o
                0x08000000                g_pfnVectors
 *(.text .text.* .gnu.linkonce.t.*)
 .text.SH_SendString
                0x0800010c       0x28 ..\obj\semihosting.o
                0x0800010c                SH_SendString
 .text.NVIC_EnableIRQ
                0x08000134       0x38 ..\obj\buzzer.o
 .text.buzzer_init
                0x0800016c       0x74 ..\obj\buzzer.o
                0x0800016c                buzzer_init
 .text.TIM3_IRQHandler
                0x080001e0      0x134 ..\obj\buzzer.o
                0x080001e0                TIM3_IRQHandler
 .text.SystemInit
                0x08000314       0xa8 ..\obj\system_stm32f10x.o
                0x08000314                SystemInit
 .text.SetSysClock
                0x080003bc        0xc ..\obj\system_stm32f10x.o
 .text.SetSysClockTo72
                0x080003c8      0x1ac ..\obj\system_stm32f10x.o
 .text.Default_Reset_Handler
                0x08000574       0x70 ..\obj\startup_stm32f10x_md.o
                0x08000574                Default_Reset_Handler
                0x08000574                Reset_Handler
 .text.Default_Handler
                0x080005e4        0x8 ..\obj\startup_stm32f10x_md.o
                0x080005e4                EXTI2_IRQHandler
                0x080005e4                DebugMon_Handler
                0x080005e4                TIM1_CC_IRQHandler
                0x080005e4                SysTick_Handler
                0x080005e4                PVD_IRQHandler
                0x080005e4                PendSV_Handler
                0x080005e4                NMI_Handler
                0x080005e4                EXTI0_IRQHandler
                0x080005e4                I2C2_EV_IRQHandler
                0x080005e4                UsageFault_Handler
                0x080005e4                ADC1_2_IRQHandler
                0x080005e4                SPI1_IRQHandler
                0x080005e4                TAMPER_IRQHandler
                0x080005e4                DMA1_Channel4_IRQHandler
                0x080005e4                USART3_IRQHandler
                0x080005e4                RTC_IRQHandler
                0x080005e4                DMA1_Channel7_IRQHandler
                0x080005e4                CAN1_RX1_IRQHandler
                0x080005e4                TIM4_IRQHandler
                0x080005e4                I2C1_EV_IRQHandler
                0x080005e4                DMA1_Channel6_IRQHandler
                0x080005e4                RCC_IRQHandler
                0x080005e4                TIM1_TRG_COM_IRQHandler
                0x080005e4                DMA1_Channel1_IRQHandler
                0x080005e4                EXTI15_10_IRQHandler
                0x080005e4                SPI2_IRQHandler
                0x080005e4                MemManage_Handler
                0x080005e4                SVC_Handler
                0x080005e4                DMA1_Channel5_IRQHandler
                0x080005e4                USB_LP_CAN1_RX0_IRQHandler
                0x080005e4                USB_HP_CAN1_TX_IRQHandler
                0x080005e4                DMA1_Channel3_IRQHandler
                0x080005e4                WWDG_IRQHandler
                0x080005e4                TIM1_BRK_IRQHandler
                0x080005e4                EXTI1_IRQHandler
                0x080005e4                RTCAlarm_IRQHandler
                0x080005e4                USART2_IRQHandler
                0x080005e4                I2C2_ER_IRQHandler
                0x080005e4                DMA1_Channel2_IRQHandler
                0x080005e4                CAN1_SCE_IRQHandler
                0x080005e4                FLASH_IRQHandler
                0x080005e4                BusFault_Handler
                0x080005e4                USART1_IRQHandler
                0x080005e4                I2C1_ER_IRQHandler
                0x080005e4                USBWakeUp_IRQHandler
 .text.main     0x080005ec       0xd4 ..\obj\main.o
                0x080005ec                main
 .text.clocks_init
                0x080006c0      0x118 ..\obj\main.o
                0x080006c0                clocks_init
 .text.gpio_init
                0x080007d8      0x138 ..\obj\main.o
                0x080007d8                gpio_init
 .text.PutChar  0x08000910       0x24 ..\obj\printf.o
                0x08000910                PutChar
 .text.PutString
                0x08000934       0x48 ..\obj\printf.o
                0x08000934                PutString
 .text.PutUnsignedInt
                0x0800097c       0xbc ..\obj\printf.o
                0x0800097c                PutUnsignedInt
 .text.PutSignedInt
                0x08000a38      0x12c ..\obj\printf.o
                0x08000a38                PutSignedInt
 .text.PutHexa  0x08000b64       0xe8 ..\obj\printf.o
                0x08000b64                PutHexa
 .text.vsnprintf
                0x08000c4c      0x2a4 ..\obj\printf.o
                0x08000c4c                vsnprintf
 .text.vsprintf
                0x08000ef0       0x28 ..\obj\printf.o
                0x08000ef0                vsprintf
 .text.sprintf  0x08000f18       0x30 ..\obj\printf.o
                0x08000f18                sprintf
 .text.NVIC_EnableIRQ
                0x08000f48       0x38 ..\obj\leds.o
 .text.leds_init
                0x08000f80       0x38 ..\obj\leds.o
                0x08000f80                leds_init
 .text.TIM1_UP_IRQHandler
                0x08000fb8        0xc ..\obj\leds.o
                0x08000fb8                TIM1_UP_IRQHandler
 .text.TIM2_IRQHandler
                0x08000fc4       0xd8 ..\obj\leds.o
                0x08000fc4                TIM2_IRQHandler
 .text          0x0800109c       0x30 ..\obj\sh_cmd.o
                0x0800109c                SH_DoCommand
                0x080010b2                HardFault_Handler
 .text.motors_init
                0x080010cc       0x98 ..\obj\motors.o
                0x080010cc                motors_init
 .text.NVIC_EnableIRQ
                0x08001164       0x38 ..\obj\sensors.o
 .text.sensors_init
                0x0800119c      0x1cc ..\obj\sensors.o
                0x0800119c                sensors_init
 .text.error_check
                0x08001368       0x80 ..\obj\sensors.o
                0x08001368                error_check
 .text.i2c_config
                0x080013e8       0xbc ..\obj\sensors.o
                0x080013e8                i2c_config
 .text.sensors_read
                0x080014a4      0x30c ..\obj\sensors.o
                0x080014a4                sensors_read
 .text.EXTI3_IRQHandler
                0x080017b0       0x34 ..\obj\sensors.o
                0x080017b0                EXTI3_IRQHandler
 .text.EXTI4_IRQHandler
                0x080017e4       0x34 ..\obj\sensors.o
                0x080017e4                EXTI4_IRQHandler
 .text.EXTI9_5_IRQHandler
                0x08001818       0x34 ..\obj\sensors.o
                0x08001818                EXTI9_5_IRQHandler
 .text.i2c_write2
                0x0800184c       0x34 ..\obj\sensors.o
                0x0800184c                i2c_write2
 .text.i2c_write
                0x08001880      0x188 ..\obj\sensors.o
                0x08001880                i2c_write
 .text.i2c_read2
                0x08001a08       0x30 ..\obj\sensors.o
                0x08001a08                i2c_read2
 .text.i2c_read
                0x08001a38      0x254 ..\obj\sensors.o
                0x08001a38                i2c_read
 .text.lipo_init
                0x08001c8c       0xe8 ..\obj\lipo.o
                0x08001c8c                lipo_init
 *(.glue_7t)
 .glue_7t       0x00000000        0x0 linker stubs
 *(.glue_7)
 .glue_7        0x00000000        0x0 linker stubs
 *(.rodata .rodata* .gnu.linkonce.r.*)
 .rodata        0x08001d74        0xc ..\obj\main.o

.vfp11_veneer   0x08001d80        0x0
 .vfp11_veneer  0x00000000        0x0 linker stubs

.v4_bx          0x08001d80        0x0
 .v4_bx         0x00000000        0x0 linker stubs

.iplt           0x08001d80        0x0
 .iplt          0x00000000        0x0 ..\obj\semihosting.o

.rel.dyn        0x08001d80        0x0
 .rel.iplt      0x00000000        0x0 ..\obj\semihosting.o

.ARM.extab
 *(.ARM.extab* .gnu.linkonce.armextab.*)
                0x08001d80                __exidx_start = .

.ARM.exidx
 *(.ARM.exidx* .gnu.linkonce.armexidx.*)
                0x08001d80                __exidx_end = .
                0x08001d80                . = ALIGN (0x4)
                0x08001d80                _etext = .
                0x08001d80                _sidata = .

.data           0x20000000       0x10 load address 0x08001d80
                0x20000000                _sdata = .
 *(.data .data.*)
 .data          0x20000000       0x10 ..\obj\leds.o
                0x20000000                leds
                0x20000010                . = ALIGN (0x4)
                0x20000010                _edata = .

.igot.plt       0x20000010        0x0 load address 0x08001d90
 .igot.plt      0x00000000        0x0 ..\obj\semihosting.o

.bss            0x20000010       0x3c load address 0x08001d90
                0x20000010                _sbss = .
 *(.bss .bss.*)
 .bss           0x20000010       0x18 ..\obj\buzzer.o
                0x20000010                t_time
                0x20000014                t_mode
                0x20000018                t_counter
                0x2000001c                t_counter2
                0x20000020                t_ccr
                0x20000024                t_clicks
 .bss           0x20000028        0x4 ..\obj\leds.o
                0x20000028                i
 .bss           0x2000002c        0x4 ..\obj\sensors.o
                0x2000002c                sensors_error_flag
 *(COMMON)
 COMMON         0x20000030       0x1c ..\obj\main.o
                0x20000030                acc
                0x20000038                magneto
                0x20000040                ADCVal
                0x20000044                gyro
                0x2000004c                . = ALIGN (0x4)
                0x2000004c                _ebss = .

.co_stack       0x2000004c      0x404 load address 0x08001dcc
                0x20000050                . = ALIGN (0x8)
 *fill*         0x2000004c        0x4 00
 *(.co_stack .co_stack.*)
 .co_stack      0x20000050      0x400 ..\obj\startup_stm32f10x_md.o
                0x20000050                pulStack
                0x20000450                . = ALIGN (0x4)
                0x20000450                _end = .
LOAD ..\obj\semihosting.o
LOAD ..\obj\core_cm3.o
LOAD ..\obj\buzzer.o
LOAD ..\obj\system_stm32f10x.o
LOAD ..\obj\startup_stm32f10x_md.o
LOAD ..\obj\main.o
LOAD ..\obj\printf.o
LOAD ..\obj\leds.o
LOAD ..\obj\sh_cmd.o
LOAD ..\obj\syscalls.o
LOAD ..\obj\motors.o
LOAD ..\obj\sensors.o
LOAD ..\obj\lipo.o
START GROUP
LOAD c:/users/ffrea_000/desktop/gcc-arm-none-eabi-4_7-2013q2-20130614-win32/gnu tools arm embedded/4.7 2013q2/bin/../lib/gcc/arm-none-eabi/4.7.4/armv7-m\libgcc.a
LOAD c:/users/ffrea_000/desktop/gcc-arm-none-eabi-4_7-2013q2-20130614-win32/gnu tools arm embedded/4.7 2013q2/bin/../lib/gcc/arm-none-eabi/4.7.4/../../../../arm-none-eabi/lib/armv7-m\libg.a
LOAD c:/users/ffrea_000/desktop/gcc-arm-none-eabi-4_7-2013q2-20130614-win32/gnu tools arm embedded/4.7 2013q2/bin/../lib/gcc/arm-none-eabi/4.7.4/../../../../arm-none-eabi/lib/armv7-m\libc.a
END GROUP
OUTPUT(Quadro.elf elf32-littlearm)

.debug_info     0x00000000     0x3801
 .debug_info    0x00000000      0x13e ..\obj\semihosting.o
 .debug_info    0x0000013e      0x700 ..\obj\buzzer.o
 .debug_info    0x0000083e      0x479 ..\obj\system_stm32f10x.o
 .debug_info    0x00000cb7       0xff ..\obj\startup_stm32f10x_md.o
 .debug_info    0x00000db6      0x4a6 ..\obj\main.o
 .debug_info    0x0000125c      0xf65 ..\obj\printf.o
 .debug_info    0x000021c1      0x6cf ..\obj\leds.o
 .debug_info    0x00002890       0xbe ..\obj\sh_cmd.o
 .debug_info    0x0000294e      0x358 ..\obj\motors.o
 .debug_info    0x00002ca6      0x8ec ..\obj\sensors.o
 .debug_info    0x00003592      0x26f ..\obj\lipo.o

.debug_abbrev   0x00000000      0xdb0
 .debug_abbrev  0x00000000       0xad ..\obj\semihosting.o
 .debug_abbrev  0x000000ad      0x199 ..\obj\buzzer.o
 .debug_abbrev  0x00000246      0x179 ..\obj\system_stm32f10x.o
 .debug_abbrev  0x000003bf       0xa9 ..\obj\startup_stm32f10x_md.o
 .debug_abbrev  0x00000468      0x194 ..\obj\main.o
 .debug_abbrev  0x000005fc      0x262 ..\obj\printf.o
 .debug_abbrev  0x0000085e      0x165 ..\obj\leds.o
 .debug_abbrev  0x000009c3       0x14 ..\obj\sh_cmd.o
 .debug_abbrev  0x000009d7       0xc6 ..\obj\motors.o
 .debug_abbrev  0x00000a9d      0x253 ..\obj\sensors.o
 .debug_abbrev  0x00000cf0       0xc0 ..\obj\lipo.o

.debug_loc      0x00000000      0xada
 .debug_loc     0x00000000       0xa8 ..\obj\semihosting.o
 .debug_loc     0x000000a8       0xf4 ..\obj\buzzer.o
 .debug_loc     0x0000019c       0xc8 ..\obj\system_stm32f10x.o
 .debug_loc     0x00000264       0x64 ..\obj\startup_stm32f10x_md.o
 .debug_loc     0x000002c8       0x90 ..\obj\main.o
 .debug_loc     0x00000358      0x3ea ..\obj\printf.o
 .debug_loc     0x00000742       0xbc ..\obj\leds.o
 .debug_loc     0x000007fe       0x64 ..\obj\motors.o
 .debug_loc     0x00000862      0x24c ..\obj\sensors.o
 .debug_loc     0x00000aae       0x2c ..\obj\lipo.o

.debug_aranges  0x00000000      0x2b8
 .debug_aranges
                0x00000000       0x30 ..\obj\semihosting.o
 .debug_aranges
                0x00000030       0x40 ..\obj\buzzer.o
 .debug_aranges
                0x00000070       0x38 ..\obj\system_stm32f10x.o
 .debug_aranges
                0x000000a8       0x28 ..\obj\startup_stm32f10x_md.o
 .debug_aranges
                0x000000d0       0x30 ..\obj\main.o
 .debug_aranges
                0x00000100       0xa0 ..\obj\printf.o
 .debug_aranges
                0x000001a0       0x38 ..\obj\leds.o
 .debug_aranges
                0x000001d8       0x20 ..\obj\sh_cmd.o
 .debug_aranges
                0x000001f8       0x28 ..\obj\motors.o
 .debug_aranges
                0x00000220       0x78 ..\obj\sensors.o
 .debug_aranges
                0x00000298       0x20 ..\obj\lipo.o

.debug_ranges   0x00000000      0x1f8
 .debug_ranges  0x00000000       0x20 ..\obj\semihosting.o
 .debug_ranges  0x00000020       0x30 ..\obj\buzzer.o
 .debug_ranges  0x00000050       0x28 ..\obj\system_stm32f10x.o
 .debug_ranges  0x00000078       0x18 ..\obj\startup_stm32f10x_md.o
 .debug_ranges  0x00000090       0x20 ..\obj\main.o
 .debug_ranges  0x000000b0       0x90 ..\obj\printf.o
 .debug_ranges  0x00000140       0x28 ..\obj\leds.o
 .debug_ranges  0x00000168       0x18 ..\obj\motors.o
 .debug_ranges  0x00000180       0x68 ..\obj\sensors.o
 .debug_ranges  0x000001e8       0x10 ..\obj\lipo.o

.debug_line     0x00000000     0x171e
 .debug_line    0x00000000       0xbc ..\obj\semihosting.o
 .debug_line    0x000000bc      0x256 ..\obj\buzzer.o
 .debug_line    0x00000312      0x232 ..\obj\system_stm32f10x.o
 .debug_line    0x00000544       0xb5 ..\obj\startup_stm32f10x_md.o
 .debug_line    0x000005f9      0x273 ..\obj\main.o
 .debug_line    0x0000086c      0x49a ..\obj\printf.o
 .debug_line    0x00000d06      0x210 ..\obj\leds.o
 .debug_line    0x00000f16       0x92 ..\obj\sh_cmd.o
 .debug_line    0x00000fa8      0x1f0 ..\obj\motors.o
 .debug_line    0x00001198      0x3ab ..\obj\sensors.o
 .debug_line    0x00001543      0x1db ..\obj\lipo.o

.debug_str      0x00000000     0x113e
 .debug_str     0x00000000      0x12e ..\obj\semihosting.o
                                0x167 (size before relaxing)
 .debug_str     0x0000012e      0x519 ..\obj\buzzer.o
                                0x605 (size before relaxing)
 .debug_str     0x00000647      0x193 ..\obj\system_stm32f10x.o
                                0x295 (size before relaxing)
 .debug_str     0x000007da       0xc3 ..\obj\startup_stm32f10x_md.o
                                0x127 (size before relaxing)
 .debug_str     0x0000089d      0x12a ..\obj\main.o
                                0x2a4 (size before relaxing)
 .debug_str     0x000009c7      0x4bf ..\obj\printf.o
                                0x646 (size before relaxing)
 .debug_str     0x00000e86       0x71 ..\obj\leds.o
                                0x5b0 (size before relaxing)
 .debug_str     0x00000ef7       0x57 ..\obj\motors.o
                                0x263 (size before relaxing)
 .debug_str     0x00000f4e      0x135 ..\obj\sensors.o
                                0x614 (size before relaxing)
 .debug_str     0x00001083       0xbb ..\obj\lipo.o
                                0x1c1 (size before relaxing)

.comment        0x00000000       0x70
 .comment       0x00000000       0x70 ..\obj\semihosting.o
                                 0x71 (size before relaxing)
 .comment       0x00000000       0x71 ..\obj\buzzer.o
 .comment       0x00000000       0x71 ..\obj\system_stm32f10x.o
 .comment       0x00000000       0x71 ..\obj\startup_stm32f10x_md.o
 .comment       0x00000000       0x71 ..\obj\main.o
 .comment       0x00000000       0x71 ..\obj\printf.o
 .comment       0x00000000       0x71 ..\obj\leds.o
 .comment       0x00000000       0x71 ..\obj\motors.o
 .comment       0x00000000       0x71 ..\obj\sensors.o
 .comment       0x00000000       0x71 ..\obj\lipo.o

.ARM.attributes
                0x00000000       0x31
 .ARM.attributes
                0x00000000       0x33 ..\obj\semihosting.o
 .ARM.attributes
                0x00000033       0x33 ..\obj\buzzer.o
 .ARM.attributes
                0x00000066       0x33 ..\obj\system_stm32f10x.o
 .ARM.attributes
                0x00000099       0x33 ..\obj\startup_stm32f10x_md.o
 .ARM.attributes
                0x000000cc       0x33 ..\obj\main.o
 .ARM.attributes
                0x000000ff       0x33 ..\obj\printf.o
 .ARM.attributes
                0x00000132       0x33 ..\obj\leds.o
 .ARM.attributes
                0x00000165       0x21 ..\obj\sh_cmd.o
 .ARM.attributes
                0x00000186       0x33 ..\obj\motors.o
 .ARM.attributes
                0x000001b9       0x33 ..\obj\sensors.o
 .ARM.attributes
                0x000001ec       0x33 ..\obj\lipo.o

.debug_frame    0x00000000      0x6b4
 .debug_frame   0x00000000       0x70 ..\obj\semihosting.o
 .debug_frame   0x00000070       0x94 ..\obj\buzzer.o
 .debug_frame   0x00000104       0x80 ..\obj\system_stm32f10x.o
 .debug_frame   0x00000184       0x48 ..\obj\startup_stm32f10x_md.o
 .debug_frame   0x000001cc       0x60 ..\obj\main.o
 .debug_frame   0x0000022c      0x244 ..\obj\printf.o
 .debug_frame   0x00000470       0x78 ..\obj\leds.o
 .debug_frame   0x000004e8       0x44 ..\obj\motors.o
 .debug_frame   0x0000052c      0x160 ..\obj\sensors.o
 .debug_frame   0x0000068c       0x28 ..\obj\lipo.o
